[Stage4.1R17] user=yangshen0711 host=master pwd=/home/yangshen0711/tsc_all/tsc_rzip_rllib
[Stage4.1R17] source_stage4_1r16_run=/home/yangshen0711/tsc_all/tsc_rzip_rllib/stage4_1r16_runs/stage4_1r16_amplitude_certified_probe_derived_braking_closure_20260729_131239
[Stage4.1R17] run_dir=/home/yangshen0711/tsc_all/tsc_rzip_rllib/stage4_1r17_runs/stage4_1r17_original_deadline_one_sided_robust_braking_closure_20260729_142501
[Stage4.1R17] config=/home/yangshen0711/tsc_all/tsc_rzip_rllib/configs/stage4_1r17_original_deadline_one_sided_robust_braking_closure_370ms.json
[Stage4.1R17] command=all backend=ray resume=0 workers=128
[Stage4.1R17] R16 ran normally. Its symmetric large-amplitude envelope failed, but all 16 one-sided braking rollouts passed runtime and model guards.
[Stage4.1R17] Delay=1 retains the real-TSC 6x source trajectory; delay=2 tests one preregistered 7x braking candidate with 0.105 peak component. No posthoc 7.5x/8x fallback is permitted.
[Stage4.1R17] Exact per-step requested/applied probe equality is required; the weaker R16 max/count-only guard is not reused.
[Stage4.1R17] Formal timing remains immutable: slew 1.0/1.1 arrives by 250 ms and holds through 350 ms; slew 0.9 arrives by 270 ms and holds through 370 ms.
[Stage4.1R17] This is a finite clean two-target static-delay patch, not bidirectional-model, restart, hidden-history, continuous-parameter, noisy-sensing, disturbance-recovery or deployment validation.
[Stage4.1R17] Stage4.2R1, BC, DAgger and RL are not run or reused.
[Stage4.1R17] Final task remains causal safe arrival, deceleration, disturbance recovery and long hold across initial states, hidden vessel/eddy histories, targets, continuous plant/actuator changes, noise and unknown delay.
2026-07-29 22:25:08,905	INFO worker.py:2012 -- Started a local Ray instance.
/home/yangshen0711/tsc_all/tsc_simulation/venv_simu/lib/python3.12/site-packages/ray/_private/worker.py:2051: FutureWarning: Tip: In future versions of Ray, Ray will no longer override accelerator visible devices env var if num_gpus=0 or num_gpus=None (default). To enable this behavior and turn off this error message, set RAY_ACCEL_ENV_VAR_OVERRIDE_ON_ZERO=0
  warnings.warn(
[Stage4.1R17 one-sided-oracle] ray_capacity requested=128 cluster_cpus=128 pending=2 actors=2 initialized_now=1
[Stage4.1R17 one-sided-oracle] waiting 0/2
[Stage4.1R17 one-sided-oracle] waiting 0/2
[Stage4.1R17 one-sided-oracle] waiting 0/2
[Stage4.1R17 one-sided-oracle] waiting 0/2
[Stage4.1R17 one-sided-oracle] waiting 0/2
[Stage4.1R17 one-sided-oracle] waiting 0/2
[Stage4.1R17 one-sided-oracle] waiting 0/2
[Stage4.1R17 one-sided-oracle] waiting 0/2
[Stage4.1R17 one-sided-oracle] waiting 0/2
[Stage4.1R17 one-sided-oracle] waiting 0/2
[Stage4.1R17 one-sided-oracle] waiting 0/2
[Stage4.1R17 one-sided-oracle] waiting 0/2
[Stage4.1R17 one-sided-oracle] waiting 0/2
[Stage4.1R17 one-sided-oracle] waiting 0/2
[Stage4.1R17 one-sided-oracle] waiting 0/2
[Stage4.1R17 one-sided-oracle] waiting 0/2
[Stage4.1R17 one-sided-oracle] waiting 0/2
[Stage4.1R17 one-sided-oracle] 2/2
Traceback (most recent call last):
  File "/home/yangshen0711/tsc_all/tsc_rzip_rllib/scripts/stage4_1r17_original_deadline_one_sided_robust_braking_closure.py", line 6, in <module>
    main()
  File "/home/yangshen0711/tsc_all/tsc_rzip_rllib/tsc_rzip_rllib/diagnostics/stage4_1r17_original_deadline_one_sided_robust_braking_closure.py", line 1788, in main
    payload = execute(
              ^^^^^^^^
  File "/home/yangshen0711/tsc_all/tsc_rzip_rllib/tsc_rzip_rllib/diagnostics/stage4_1r17_original_deadline_one_sided_robust_braking_closure.py", line 1644, in execute
    oracle = run_oracle_candidate_validation(ctx, backend=backend, resume=resume)
             ^^^^^^^^^^^^^^^^^^^^^^^^^^^^^^^^^^^^^^^^^^^^^^^^^^^^^^^^^^^^^^^^^^^^
  File "/home/yangshen0711/tsc_all/tsc_rzip_rllib/tsc_rzip_rllib/diagnostics/stage4_1r17_original_deadline_one_sided_robust_braking_closure.py", line 1166, in run_oracle_candidate_validation
    prediction = _prediction_metrics(ctx, result)
                 ^^^^^^^^^^^^^^^^^^^^^^^^^^^^^^^^
  File "/home/yangshen0711/tsc_all/tsc_rzip_rllib/tsc_rzip_rllib/diagnostics/stage4_1r17_original_deadline_one_sided_robust_braking_closure.py", line 1086, in _prediction_metrics
    actual_output = r16.r15b._output_vector(
                    ^^^^^^^^^^^^^^^^^^^^^^^
AttributeError: module 'tsc_rzip_rllib.diagnostics.stage4_1r15b_probe_derived_symmetric_local_response_superposition_validation' has no attribute '_output_vector'
