[Stage4.1R9] user=yangshen0711 host=master pwd=/home/yangshen0711/tsc_all/tsc_rzip_rllib
[Stage4.1R9] source_stage4_1r8_run=/home/yangshen0711/tsc_all/tsc_rzip_rllib/stage4_1r8_runs/stage4_1r8_trusted_batch_calibration_queue_tail_closure_20260728_000014
[Stage4.1R9] run_dir=/home/yangshen0711/tsc_all/tsc_rzip_rllib/stage4_1r9_runs/stage4_1r9_terminal_template_mpc_feedback_hold_20260728_020206
[Stage4.1R9] config=/home/yangshen0711/tsc_all/tsc_rzip_rllib/configs/stage4_1r9_terminal_template_mpc_feedback_hold_550ms.json
[Stage4.1R9] command=all backend=ray resume=1 workers=128
[Stage4.1R9] python=/home/yangshen0711/tsc_all/tsc_simulation/venv_simu/bin/python RAY_TMPDIR=/tmp/stage4_1r9_1120
[Stage4.1R9 R9a] Complete R8 metric-policy contract is active; existing successful raw rollouts remain reusable under resume=1.
[Stage4.1R9] The first 350 ms MPC/observer/library/Jacobian are frozen. Only the failed open-loop tail is replaced by continuously streaming delay-aware terminal feedback.
[Stage4.1R9] Candidate selection uses nominal only; RZ_p10_m10 is a disjoint holdout. Untrusted calibration cannot start control and no online handover is used.
[Stage4.1R9] This remains a finite clean-measurement digital-twin test, not true restart, plant-mismatch, continuous-parameter, or deployment validation.
[Stage4.1R9] Final task remains causal safe arrival, deceleration, disturbance recovery and long hold across hidden histories, targets, continuous plant/actuator changes, noise and unknown delay.
{
  "schema_version": 1,
  "stage": "Stage4.1R9",
  "created_utc": "20260728_054307",
  "verdict": "STAGE4_1R9_TERMINAL_FEEDBACK_HOLD_CLOSURE_INCOMPLETE",
  "source_stage4_1r8_run": "/home/yangshen0711/tsc_all/tsc_rzip_rllib/stage4_1r8_runs/stage4_1r8_trusted_batch_calibration_queue_tail_closure_20260728_000014",
  "source_audit_status": "passed",
  "oracle_development_status": "failed",
  "oracle_holdout_status": "not_run",
  "calibrated_confirmation_status": "not_run",
  "selected_terminal_policy": null,
  "finite_terminal_feedback_envelope_validated": false,
  "first_350ms_main_mpc_frozen": true,
  "continuous_streaming_delay_queue_used": true,
  "open_loop_zero_tail_reused_as_success": false,
  "untrusted_default_main_start_allowed": false,
  "candidate_selection_target": "nominal",
  "disjoint_holdout_target": "RZ_p10_m10",
  "terminal_measurement_noise_robustness_validated": false,
  "true_restart_validation_available": false,
  "true_restart_validation_performed": false,
  "hardware_pre_shot_calibration_validated": false,
  "continuous_parameter_change_validated": false,
  "plant_parameter_robustness_validated": false,
  "unseen_hidden_state_robustness_validated": false,
  "deployment_robustness_validated": false,
  "finite_test_envelope_only": true,
  "warning": "R9 can only test a clean-measurement terminal feedback architecture inside the same finite static digital twin. It does not validate true restart state, hidden vessel/eddy history, continuous actuator changes, plant-model error, noisy terminal sensing, or hardware deployment.",
  "next_if_pass": "Stage4.2 true restart and plant/actuator-parameter robustness. Do not start BC/DAgger/RL yet.",
  "next_if_fail": "Identify a dedicated terminal local model with bounded TSC probes and redesign the terminal regulator. Do not weaken the tracking gate and do not hand the 14-coil problem back to RL.",
  "final_task": "robust causal control across initial states, targets, hidden dynamics, plant uncertainty, noise, and delay",
  "phases": {
    "source_audit": {
      "schema_version": 1,
      "stage": "Stage4.1R9",
      "phase": "source_audit",
      "source_stage4_1r8_run": "/home/yangshen0711/tsc_all/tsc_rzip_rllib/stage4_1r8_runs/stage4_1r8_trusted_batch_calibration_queue_tail_closure_20260728_000014",
      "source_finished": true,
      "source_stop_reason": "oracle_queue_tail_failed",
      "raw_tail_rollouts": 54,
      "raw_tail_coverage_complete": true,
      "raw_environment_success_count": 54,
      "raw_abnormal_rollout_count": 0,
      "raw_failure_reason_count": 0,
      "raw_nonfinite_rollout_count": 0,
      "first_350ms_prefix_exact_across_r8_policies": true,
      "first_350ms_prefix_max_abs_difference": 0.0,
      "prefix_array_comparisons": 72,
      "r8_policy_recomputed": [
        {
          "policy_id": "drain_pending_h37",
          "n_rollouts": 18,
          "tracking_fraction": 0.3888888888888889,
          "minimum_signed_margin": -0.242367103269711
        },
        {
          "policy_id": "drain_pending_h39",
          "n_rollouts": 18,
          "tracking_fraction": 0.0,
          "minimum_signed_margin": -1.2820246026904294
        },
        {
          "policy_id": "drain_pending_h41",
          "n_rollouts": 18,
          "tracking_fraction": 0.0,
          "minimum_signed_margin": -1.9717088145372261
        }
      ],
      "r8_failed_tracking_rollouts": 47,
      "r8_failed_rollouts_limited_by_final_speed": 47,
      "r8_open_loop_tail_failure_is_terminal_control_not_runtime": true,
      "source_calibration_token_count": 9,
      "source_calibration_tokens_all_trusted_correct": true,
      "source_calibrated_startup_status": "not_run",
      "passed": true,
      "interpretation": "R8 ran successfully and its finite 3x3 batch calibration closed. The queue bookkeeping was correct, but the post-350ms policy was open-loop; all 47 tracking failures were limited by final speed. R9 must add terminal feedback, not weaken the gate or proceed to RL."
    },
    "oracle_development": {
      "schema_version": 1,
      "stage": "Stage4.1R9",
      "phase": "oracle_development",
      "development_target_id": "nominal",
      "holdout_target_id": "RZ_p10_m10",
      "candidate_selection_uses_holdout": false,
      "n_rollouts": 54,
      "expected_rollouts": 54,
      "coverage_complete": true,
      "policy_summaries": [
        {
          "policy_id": "tm28_c0p35_v1p00",
          "n_rollouts": 9,
          "coverage_complete": true,
          "all_environment_success": true,
          "tracking_fraction": 0.3333333333333333,
          "minimum_signed_margin": -0.7048167249438695,
          "mean_signed_margin": -0.20785637082031963,
          "first_350ms_prefix_exact_fraction": 1.0,
          "all_streaming_queues_consistent": true,
          "maximum_terminal_pending_desired_physical_norm": 0.07558417636073914,
          "maximum_last5_issued_desired_rms": 0.050678785273749666,
          "mean_terminal_action_rms": 0.03871646236933737,
          "passed": false
        },
        {
          "policy_id": "tm28_c0p50_v1p50",
          "n_rollouts": 9,
          "coverage_complete": true,
          "all_environment_success": true,
          "tracking_fraction": 0.3333333333333333,
          "minimum_signed_margin": -0.6630606666425896,
          "mean_signed_margin": -0.17032020742858034,
          "first_350ms_prefix_exact_fraction": 1.0,
          "all_streaming_queues_consistent": true,
          "maximum_terminal_pending_desired_physical_norm": 0.142332504373077,
          "maximum_last5_issued_desired_rms": 0.07747394117618106,
          "mean_terminal_action_rms": 0.046758969605650735,
          "passed": false
        },
        {
          "policy_id": "tm30_c0p35_v1p00",
          "n_rollouts": 9,
          "coverage_complete": true,
          "all_environment_success": true,
          "tracking_fraction": 0.3333333333333333,
          "minimum_signed_margin": -0.7090211051056785,
          "mean_signed_margin": -0.22129002017650623,
          "first_350ms_prefix_exact_fraction": 1.0,
          "all_streaming_queues_consistent": true,
          "maximum_terminal_pending_desired_physical_norm": 0.07320425966041404,
          "maximum_last5_issued_desired_rms": 0.04390144744746337,
          "mean_terminal_action_rms": 0.03853529969577362,
          "passed": false
        },
        {
          "policy_id": "tm30_c0p50_v1p50",
          "n_rollouts": 9,
          "coverage_complete": true,
          "all_environment_success": true,
          "tracking_fraction": 0.3333333333333333,
          "minimum_signed_margin": -0.6695774863865145,
          "mean_signed_margin": -0.17950941773469792,
          "first_350ms_prefix_exact_fraction": 1.0,
          "all_streaming_queues_consistent": true,
          "maximum_terminal_pending_desired_physical_norm": 0.11137227946587186,
          "maximum_last5_issued_desired_rms": 0.07467703326936118,
          "mean_terminal_action_rms": 0.046373020316208574,
          "passed": false
        },
        {
          "policy_id": "tm32_c0p35_v1p00",
          "n_rollouts": 9,
          "coverage_complete": true,
          "all_environment_success": true,
          "tracking_fraction": 0.3333333333333333,
          "minimum_signed_margin": -1.6396616280889464,
          "mean_signed_margin": -0.5656293052752485,
          "first_350ms_prefix_exact_fraction": 1.0,
          "all_streaming_queues_consistent": true,
          "maximum_terminal_pending_desired_physical_norm": 0.041236253907403556,
          "maximum_last5_issued_desired_rms": 0.03008900841000448,
          "mean_terminal_action_rms": 0.0341892418350208,
          "passed": false
        },
        {
          "policy_id": "tm32_c0p50_v1p50",
          "n_rollouts": 9,
          "coverage_complete": true,
          "all_environment_success": true,
          "tracking_fraction": 0.3333333333333333,
          "minimum_signed_margin": -1.4396027457511962,
          "mean_signed_margin": -0.42347305049635103,
          "first_350ms_prefix_exact_fraction": 1.0,
          "all_streaming_queues_consistent": true,
          "maximum_terminal_pending_desired_physical_norm": 0.0690912390102116,
          "maximum_last5_issued_desired_rms": 0.049597288108656455,
          "mean_terminal_action_rms": 0.0402973222122366,
          "passed": false
        }
      ],
      "selected_policy_id": null,
      "selected_policy_minimum_signed_margin": null,
      "passed": false
    },
    "oracle_holdout": {},
    "calibrated_confirmation": {},
    "restart_audit": {
      "schema_version": 1,
      "stage": "Stage4.1R9",
      "phase": "restart_audit",
      "candidate_folders": [
        "1080ms",
        "1090ms",
        "1110ms",
        "1120ms"
      ],
      "available_folders": [],
      "true_restart_validation_available": false,
      "true_restart_validation_performed": false,
      "availability_requirement_for_stage4_1r9": false,
      "audit_completed": true,
      "passed": true
    }
  }
}
