[Stage4.1R16] user=yangshen0711 host=master pwd=/home/yangshen0711/tsc_all/tsc_rzip_rllib
[Stage4.1R16] source_stage4_1r15b_run=/home/yangshen0711/tsc_all/tsc_rzip_rllib/stage4_1r15b_runs/stage4_1r15b_probe_derived_symmetric_local_response_superposition_validation_20260729_115128
[Stage4.1R16] run_dir=/home/yangshen0711/tsc_all/tsc_rzip_rllib/stage4_1r16_runs/stage4_1r16_amplitude_certified_probe_derived_braking_closure_20260729_131239
[Stage4.1R16] config=/home/yangshen0711/tsc_all/tsc_rzip_rllib/configs/stage4_1r16_amplitude_certified_probe_derived_braking_closure_370ms.json
[Stage4.1R16] command=all backend=ray resume=0 workers=128
[Stage4.1R16] R15B is a genuine 32/32 small-signal superposition validation, but its externally validated 0.015-component envelope does not close the two RZ weak-slew paths.
[Stage4.1R16] The 1x/2x/4x/6x plus-minus amplitude ladder is preregistered. The fixed 6x braking direction is not accepted unless real TSC validates safety, symmetry, scaling, prediction and all four original-deadline paths.
[Stage4.1R16] Formal timing is immutable: slew 1.0/1.1 arrives by 250 ms and holds through 350 ms; slew 0.9 arrives by 270 ms and holds through 370 ms.
[Stage4.1R16] No unseen-target, continuous-parameter, restart, noisy-sensing or deployment robustness is claimed; Stage4.2R1, BC, DAgger and RL are not run or reused.
[Stage4.1R16] Final task remains causal safe arrival, deceleration, disturbance recovery and long hold across initial states, hidden vessel/eddy histories, targets, continuous plant/actuator changes, noise and unknown delay.
2026-07-29 21:12:47,381	INFO worker.py:2012 -- Started a local Ray instance.
/home/yangshen0711/tsc_all/tsc_simulation/venv_simu/lib/python3.12/site-packages/ray/_private/worker.py:2051: FutureWarning: Tip: In future versions of Ray, Ray will no longer override accelerator visible devices env var if num_gpus=0 or num_gpus=None (default). To enable this behavior and turn off this error message, set RAY_ACCEL_ENV_VAR_OVERRIDE_ON_ZERO=0
  warnings.warn(
[Stage4.1R16 amplitude-envelope] ray_capacity requested=128 cluster_cpus=128 pending=32 actors=32 initialized_now=1
[Stage4.1R16 amplitude-envelope] waiting 0/32
[Stage4.1R16 amplitude-envelope] waiting 0/32
[Stage4.1R16 amplitude-envelope] waiting 0/32
[Stage4.1R16 amplitude-envelope] waiting 0/32
[Stage4.1R16 amplitude-envelope] waiting 0/32
[Stage4.1R16 amplitude-envelope] waiting 0/32
[Stage4.1R16 amplitude-envelope] waiting 0/32
[Stage4.1R16 amplitude-envelope] waiting 0/32
[Stage4.1R16 amplitude-envelope] waiting 0/32
[Stage4.1R16 amplitude-envelope] waiting 0/32
[Stage4.1R16 amplitude-envelope] waiting 0/32
[Stage4.1R16 amplitude-envelope] waiting 0/32
[Stage4.1R16 amplitude-envelope] waiting 0/32
[Stage4.1R16 amplitude-envelope] waiting 0/32
[Stage4.1R16 amplitude-envelope] waiting 0/32
[Stage4.1R16 amplitude-envelope] waiting 0/32
[Stage4.1R16 amplitude-envelope] waiting 0/32
[Stage4.1R16 amplitude-envelope] waiting 0/32
[Stage4.1R16 amplitude-envelope] waiting 0/32
[Stage4.1R16 amplitude-envelope] 10/32
[Stage4.1R16 amplitude-envelope] 20/32
[Stage4.1R16 amplitude-envelope] 30/32
[Stage4.1R16 amplitude-envelope] 32/32
{
  "amplitude_envelope_validation_status": "failed",
  "arrival_deadline_expanded": false,
  "calibrated_confirmation_status": "not_run",
  "closure_candidate_magnitude": 6.0,
  "closure_candidate_peak_component": 0.09,
  "closure_candidate_was_preregistered_before_new_r16_tsc": true,
  "continuous_parameter_change_validated": false,
  "created_utc": "20260729_132301",
  "deployment_robustness_validated": false,
  "final_task": "robust causal control across initial states, targets, hidden dynamics, plant uncertainty, noise, and delay",
  "finite_test_envelope_only": true,
  "formal_grid_confirmation_status": "not_run",
  "formal_timing_contract_restored": false,
  "next_if_fail": "Do not relax the 250/270 ms deadlines and do not use 750 ms or 2 s late-arrival closure. If the 0.09 zero-net braking envelope does not validate and close all four modified paths, expand the bounded response basis with mode 2 and additional pre-deadline temporal shapes before another controller attempt.",
  "next_if_pass": "Freeze the original-deadline 18-case static-grid expert and proceed to true restart and hidden vessel/eddy-history validation. Do not claim unseen-target, continuous-parameter, noisy-sensing or deployment robustness, and do not start BC/DAgger/RL yet.",
  "phases": {
    "amplitude_envelope_validation": {
      "candidate_was_preregistered_from_source_model_not_selected_from_new_tsc": true,
      "closure_candidate_formal_pass_fraction": 0.75,
      "closure_candidate_magnitude": 6.0,
      "closure_candidate_minimum_signed_margin": -0.0010110975999380045,
      "closure_candidate_passed": false,
      "closure_candidate_peak_component": 0.09,
      "closure_candidate_rollouts": 4,
      "coverage_complete": true,
      "environment_success_count": 32,
      "expected_rollouts": 32,
      "formal_timing_contract_unchanged": true,
      "joint_pass_fraction": 0.84375,
      "maximum_central_symmetry_velocity_rmse_m_per_s": 0.012459166752389306,
      "maximum_current_utilization": 0.41195,
      "maximum_endpoint_late_speed_error_m_per_s": 0.0019358497794274565,
      "maximum_final_speed_error_m_per_s": 0.06378954508660793,
      "maximum_ip_rmse_A": 17.873042145735948,
      "maximum_per_unit_ip_response_rmse_A": 2.34946126185384,
      "maximum_per_unit_position_response_rmse_m": 3.811004223463343e-05,
      "maximum_per_unit_velocity_response_rmse_m_per_s": 0.0014977685845797147,
      "maximum_position_rmse_m": 0.00038060588124472043,
      "maximum_velocity_component_rmse_m_per_s": 0.014510094037091255,
      "model_prediction_pass_fraction": 0.84375,
      "n_rollouts": 32,
      "passed": false,
      "phase": "amplitude_envelope_validation",
      "runtime_guard_pass_fraction": 1.0,
      "schema_version": 1,
      "stage": "Stage4.1R16"
    },
    "calibrated_confirmation": {},
    "formal_grid_confirmation": {},
    "source_audit": {
      "candidate_is_diagnostic_model_extrapolation_until_real_tsc_validates_it": true,
      "checks": {
        "diagnostic_6x_minimum_margin": true,
        "diagnostic_6x_predicts_all_four_pass": true,
        "source_joint_h0_coverage_exact": true,
        "source_joint_h0_peak_component_is_0p0075": true,
        "source_joint_h0_runtime_and_model_all_pass": true,
        "source_model_all_pass": true,
        "source_model_prediction_fraction_one": true,
        "source_raw_coverage": true,
        "source_runtime_fraction_one": true,
        "source_superposition_all_pass": true,
        "validated_envelope_nominal_passes": true,
        "validated_envelope_rz_does_not_close": true
      },
      "individual_axis_externally_validated_peak_component": 0.015,
      "interpretation": "R15B is a valid finite clean small-signal superposition result.  Its externally validated joint common-direction coefficient 0.5 (0.0075 peak component) does not close either RZ weak-slew path.  A fixed 6x zero-net common braking direction is preregistered because the source model predicts all four modified paths with at least 0.01 signed margin, but this is an extrapolation and must be validated by new real-TSC amplitude-ladder trajectories before it may be used as a controller.",
      "joint_common_direction_externally_validated_coefficient": 0.5,
      "joint_common_direction_externally_validated_peak_component": 0.0075,
      "passed": true,
      "phase": "source_audit",
      "predicted_candidate_minimum_margin": 0.015765534868535824,
      "preregistered_amplitude_levels": [
        1.0,
        2.0,
        4.0,
        6.0
      ],
      "preregistered_candidate_magnitude": 6.0,
      "preregistered_candidate_peak_component": 0.09,
      "schema_version": 1,
      "small_signal_validated_envelope_closes_nominal_only": true,
      "small_signal_validated_envelope_closes_rz": false,
      "source_joint_h0_validation_keys": [
        [
          "RZ_p10_m10",
          1,
          -1
        ],
        [
          "RZ_p10_m10",
          1,
          1
        ],
        [
          "RZ_p10_m10",
          2,
          -1
        ],
        [
          "RZ_p10_m10",
          2,
          1
        ],
        [
          "nominal",
          1,
          -1
        ],
        [
          "nominal",
          1,
          1
        ],
        [
          "nominal",
          2,
          -1
        ],
        [
          "nominal",
          2,
          1
        ]
      ],
      "source_joint_h0_validation_rollouts": 8,
      "source_maximum_final_speed_error_m_per_s": 0.002078203578799332,
      "source_model_prediction_pass_fraction": 1.0,
      "source_raw_rollouts": 32,
      "source_stage4_1r15b_run": "/home/yangshen0711/tsc_all/tsc_rzip_rllib/stage4_1r15b_runs/stage4_1r15b_probe_derived_symmetric_local_response_superposition_validation_20260729_115128",
      "stage": "Stage4.1R16"
    }
  },
  "plant_parameter_robustness_validated": false,
  "schema_version": 1,
  "source_audit_status": "passed",
  "source_stage4_1r15b_run": "/home/yangshen0711/tsc_all/tsc_rzip_rllib/stage4_1r15b_runs/stage4_1r15b_probe_derived_symmetric_local_response_superposition_validation_20260729_115128",
  "stage": "Stage4.1R16",
  "stage4_2r1_was_not_run_or_reused": true,
  "terminal_measurement_noise_robustness_validated": false,
  "true_restart_validation_performed": false,
  "unseen_hidden_state_robustness_validated": false,
  "unseen_target_generalization_validated": false,
  "verdict": "STAGE4_1R16_AMPLITUDE_CERTIFIED_ORIGINAL_DEADLINE_INCOMPLETE"
}
