[Stage4.1R17] user=yangshen0711 host=master pwd=/home/yangshen0711/tsc_all/tsc_rzip_rllib
[Stage4.1R17] source_stage4_1r16_run=/home/yangshen0711/tsc_all/tsc_rzip_rllib/stage4_1r16_runs/stage4_1r16_amplitude_certified_probe_derived_braking_closure_20260729_131239
[Stage4.1R17] run_dir=/home/yangshen0711/tsc_all/tsc_rzip_rllib/stage4_1r17_runs/stage4_1r17_original_deadline_one_sided_robust_braking_closure_20260729_142501
[Stage4.1R17] config=/home/yangshen0711/tsc_all/tsc_rzip_rllib/configs/stage4_1r17_original_deadline_one_sided_robust_braking_closure_370ms.json
[Stage4.1R17] command=all backend=ray resume=1 workers=128
[Stage4.1R17 R17a] Canonical R15 output-vector contract is active for states 23--37; legacy R17 manifests and successful Oracle raw are reusable with resume=1.
[Stage4.1R17] R16 ran normally. Its symmetric large-amplitude envelope failed, but all 16 one-sided braking rollouts passed runtime and model guards.
[Stage4.1R17] Delay=1 retains the real-TSC 6x source trajectory; delay=2 tests one preregistered 7x braking candidate with 0.105 peak component. No posthoc 7.5x/8x fallback is permitted.
[Stage4.1R17] Exact per-step requested/applied probe equality is required; the weaker R16 max/count-only guard is not reused.
[Stage4.1R17] Formal timing remains immutable: slew 1.0/1.1 arrives by 250 ms and holds through 350 ms; slew 0.9 arrives by 270 ms and holds through 370 ms.
[Stage4.1R17] This is a finite clean two-target static-delay patch, not bidirectional-model, restart, hidden-history, continuous-parameter, noisy-sensing, disturbance-recovery or deployment validation.
[Stage4.1R17] Stage4.2R1, BC, DAgger and RL are not run or reused.
[Stage4.1R17] Final task remains causal safe arrival, deceleration, disturbance recovery and long hold across initial states, hidden vessel/eddy histories, targets, continuous plant/actuator changes, noise and unknown delay.
2026-07-29 23:04:47,195	INFO worker.py:2012 -- Started a local Ray instance.
/home/yangshen0711/tsc_all/tsc_simulation/venv_simu/lib/python3.12/site-packages/ray/_private/worker.py:2051: FutureWarning: Tip: In future versions of Ray, Ray will no longer override accelerator visible devices env var if num_gpus=0 or num_gpus=None (default). To enable this behavior and turn off this error message, set RAY_ACCEL_ENV_VAR_OVERRIDE_ON_ZERO=0
  warnings.warn(
[Stage4.1R17 calibrated-confirmation] ray_capacity requested=128 cluster_cpus=128 pending=4 actors=4 initialized_now=1
[Stage4.1R17 calibrated-confirmation] waiting 0/4
[Stage4.1R17 calibrated-confirmation] waiting 0/4
[Stage4.1R17 calibrated-confirmation] waiting 0/4
[Stage4.1R17 calibrated-confirmation] waiting 0/4
[Stage4.1R17 calibrated-confirmation] waiting 0/4
[Stage4.1R17 calibrated-confirmation] waiting 0/4
[Stage4.1R17 calibrated-confirmation] waiting 0/4
[Stage4.1R17 calibrated-confirmation] waiting 0/4
[Stage4.1R17 calibrated-confirmation] waiting 0/4
[Stage4.1R17 calibrated-confirmation] waiting 0/4
[Stage4.1R17 calibrated-confirmation] waiting 0/4
[Stage4.1R17 calibrated-confirmation] waiting 0/4
[Stage4.1R17 calibrated-confirmation] waiting 0/4
[Stage4.1R17 calibrated-confirmation] waiting 0/4
[Stage4.1R17 calibrated-confirmation] waiting 0/4
[Stage4.1R17 calibrated-confirmation] waiting 0/4
[Stage4.1R17 calibrated-confirmation] waiting 0/4
[Stage4.1R17 calibrated-confirmation] 4/4
{
  "arrival_deadline_expanded": false,
  "bidirectional_response_model_validated": false,
  "calibrated_confirmation_status": "passed",
  "candidate_fixed_before_new_tsc": true,
  "continuous_parameter_change_validated": false,
  "created_utc": "20260729_151350",
  "delay1_braking_magnitude": 6.0,
  "delay2_braking_magnitude": 7.0,
  "delay2_peak_component": 0.105,
  "deployment_robustness_validated": false,
  "disturbance_recovery_validated": false,
  "final_task": "robust causal control across initial states, targets, hidden dynamics, plant uncertainty, noise, and delay",
  "finite_test_envelope_only": true,
  "formal_grid_confirmation_status": "passed",
  "formal_timing_contract_restored": true,
  "next_if_fail": "Do not relax the 250/270 ms deadlines, do not posthoc try 7.5x or 8x, and do not return to 750 ms or 2 s late-arrival closure. Expand the bounded response basis with mode 2 and additional pre-deadline temporal shapes, then validate the enlarged basis with new real-TSC probes before another controller attempt.",
  "next_if_pass": "Freeze the original-deadline 18-case finite static-grid controller, then proceed to true restart and hidden vessel/eddy-history validation. Keep the one-sided delay-conditioned patch labelled as finite and do not claim bidirectional, unseen-target, continuous-parameter, noisy-sensing, disturbance-recovery or deployment robustness. Do not start BC, DAgger or bounded residual RL yet.",
  "one_sided_finite_static_grid_only": true,
  "oracle_candidate_validation_status": "passed",
  "phases": {
    "calibrated_confirmation": {
      "comparisons": [
        {
          "actual_delay_steps": 1,
          "calibration_token": "s41r8_b2208612681b9ad35531",
          "component_max_abs_difference": {
            "applied": 0.0,
            "braking_applied": 0.0,
            "braking_issued": 0.0,
            "issued": 0.0,
            "physics": 0.0
          },
          "exact_trace_equal_to_oracle": true,
          "magnitude": 6.0,
          "maximum_trace_abs_difference": 0.0,
          "numeric_trace_equal_to_oracle": true,
          "target_id": "nominal"
        },
        {
          "actual_delay_steps": 1,
          "calibration_token": "s41r8_b2208612681b9ad35531",
          "component_max_abs_difference": {
            "applied": 0.0,
            "braking_applied": 0.0,
            "braking_issued": 0.0,
            "issued": 0.0,
            "physics": 0.0
          },
          "exact_trace_equal_to_oracle": true,
          "magnitude": 6.0,
          "maximum_trace_abs_difference": 0.0,
          "numeric_trace_equal_to_oracle": true,
          "target_id": "RZ_p10_m10"
        },
        {
          "actual_delay_steps": 2,
          "calibration_token": "s41r8_1755db2b033e3c882e1b",
          "component_max_abs_difference": {
            "applied": 0.0,
            "braking_applied": 0.0,
            "braking_issued": 0.0,
            "issued": 0.0,
            "physics": 0.0
          },
          "exact_trace_equal_to_oracle": true,
          "magnitude": 7.0,
          "maximum_trace_abs_difference": 0.0,
          "numeric_trace_equal_to_oracle": true,
          "target_id": "nominal"
        },
        {
          "actual_delay_steps": 2,
          "calibration_token": "s41r8_1755db2b033e3c882e1b",
          "component_max_abs_difference": {
            "applied": 0.0,
            "braking_applied": 0.0,
            "braking_issued": 0.0,
            "issued": 0.0,
            "physics": 0.0
          },
          "exact_trace_equal_to_oracle": true,
          "magnitude": 7.0,
          "maximum_trace_abs_difference": 0.0,
          "numeric_trace_equal_to_oracle": true,
          "target_id": "RZ_p10_m10"
        }
      ],
      "distinct_calibration_tokens": 2,
      "exact_trace_equivalence_fraction": 1.0,
      "expected_rollouts": 4,
      "formal_contract_pass_fraction": 1.0,
      "maximum_trace_abs_difference": 0.0,
      "n_rollouts": 4,
      "numeric_trace_equivalence_atol": 1e-12,
      "numeric_trace_equivalence_fraction": 1.0,
      "passed": true,
      "phase": "calibrated_confirmation",
      "schema_version": 1,
      "stage": "Stage4.1R17",
      "untrusted_main_start_count": 0
    },
    "formal_grid_confirmation": {
      "arrival_deadline_expanded": false,
      "bidirectional_response_model_validated": false,
      "calibrated_exact_trace_equivalence_fraction": 1.0,
      "expected_cases": 18,
      "formal_contract_pass_fraction": 1.0,
      "maximum_trace_abs_difference": 0.0,
      "modified_r17_cases": 4,
      "n_cases": 18,
      "normal_slew_and_weak_delay0_reused_without_new_tsc": true,
      "passed": true,
      "phase": "formal_grid_confirmation",
      "schema_version": 1,
      "source_unchanged_cases": 14,
      "stage": "Stage4.1R17",
      "unseen_target_generalization_validated": false
    },
    "oracle_candidate_validation": {
      "bidirectional_response_model_validated": false,
      "candidate_fixed_before_new_tsc": true,
      "candidate_magnitude": 7.0,
      "candidate_peak_component": 0.105,
      "expected_rollouts": 2,
      "formal_contract_pass_fraction": 1.0,
      "maximum_current_utilization": 0.41195,
      "minimum_actual_signed_margin": 0.01633098324390514,
      "model_guard_pass_fraction": 1.0,
      "n_rollouts": 2,
      "passed": true,
      "phase": "oracle_candidate_validation",
      "runtime_guard_pass_fraction": 1.0,
      "schema_version": 1,
      "stage": "Stage4.1R17"
    },
    "source_audit": {
      "bidirectional_response_model_reinterpreted_as_validated": false,
      "candidate_fixed_before_new_tsc": true,
      "checks": {
        "candidate_fixed_at_seven": true,
        "coverage_exact": true,
        "environment_success_32": true,
        "negative_direction_all_model_pass": true,
        "negative_direction_all_runtime": true,
        "negative_endpoint_monotonic": true,
        "per_step_probe_application_exact": true,
        "positive_model_failure_count_five": true,
        "raw_coverage_exact": true,
        "runtime_guard_fraction_one": true,
        "source_candidate_exact_failure": true,
        "source_candidate_four_cases": true,
        "source_delay1_both_pass_with_margin": true,
        "source_delay2_nominal_passes": true,
        "source_delay2_rz_fails_by_endpoint_speed": true,
        "source_model_fraction_expected": true,
        "source_only_robust_prediction_pass": true,
        "source_summary_failed": true,
        "symmetric_envelope_not_validated": true
      },
      "delay1_source_magnitude": 6.0,
      "delay2_preregistered_magnitude": 7.0,
      "delay2_preregistered_peak_component": 0.105,
      "interpretation": "R16 ran normally.  Its symmetric large-amplitude response envelope failed, but all sixteen braking-direction trajectories passed the model and runtime guards, were applied exactly at every probe step, and reduced endpoint speed monotonically.  The 6x candidate closed three of four paths; only RZ/delay=2 missed by 0.101 mm/s.  R17 therefore tests one fixed, source-preregistered 7x delay=2 braking trajectory while retaining the already-passing 6x delay=1 source trajectory.  No bidirectional-model claim is made.",
      "passed": true,
      "phase": "source_audit",
      "prediction_tightening_rows": [
        {
          "actual_delay_steps": 2,
          "candidate_magnitude": 7.0,
          "error_safety_factor": 1.25,
          "predicted_endpoint_late_speed_m_per_s": 0.07777242912689267,
          "predicted_final_speed_m_per_s": 0.007384901443984374,
          "required_speed_upper_m_per_s": 0.099,
          "robust_endpoint_upper_m_per_s": 0.07986950818545188,
          "robust_final_upper_m_per_s": 0.01659533689560979,
          "source_maximum_negative_endpoint_error_m_per_s": 0.0016776632468473718,
          "source_maximum_negative_final_error_m_per_s": 0.007368348361300334,
          "source_only_robust_prediction_pass": true,
          "target_id": "nominal"
        },
        {
          "actual_delay_steps": 2,
          "candidate_magnitude": 7.0,
          "error_safety_factor": 1.25,
          "predicted_endpoint_late_speed_m_per_s": 0.09687239196135906,
          "predicted_final_speed_m_per_s": 0.021135728834832664,
          "required_speed_upper_m_per_s": 0.099,
          "robust_endpoint_upper_m_per_s": 0.09896947101991828,
          "robust_final_upper_m_per_s": 0.03034616428645808,
          "source_maximum_negative_endpoint_error_m_per_s": 0.0016776632468473718,
          "source_maximum_negative_final_error_m_per_s": 0.007368348361300334,
          "source_only_robust_prediction_pass": true,
          "target_id": "RZ_p10_m10"
        }
      ],
      "schema_version": 1,
      "source_6x_candidate_failure_key": [
        "RZ_p10_m10",
        2
      ],
      "source_6x_candidate_formal_pass_fraction": 0.75,
      "source_6x_rz_d2_endpoint_speed_m_per_s": 0.1001011097599938,
      "source_6x_rz_d2_final_speed_m_per_s": 0.017995549854812803,
      "source_6x_rz_d2_signed_margin": -0.0010110975999380045,
      "source_candidate_predicted_cushion_was_smaller_than_generic_error_gate": true,
      "source_central_symmetry_failure_count": 4,
      "source_generic_endpoint_error_gate_m_per_s": 0.008,
      "source_maximum_negative_endpoint_prediction_error_m_per_s": 0.0016776632468473718,
      "source_maximum_negative_final_prediction_error_m_per_s": 0.007368348361300334,
      "source_model_prediction_pass_fraction": 0.84375,
      "source_negative_direction_exact_probe_application_fraction": 1.0,
      "source_negative_direction_model_pass_fraction": 1.0,
      "source_negative_direction_rollouts": 16,
      "source_negative_endpoint_monotonic": true,
      "source_positive_model_failure_count": 5,
      "source_raw_rollouts": 32,
      "source_rollouts": 32,
      "source_runtime_guard_pass_fraction": 1.0,
      "source_stage4_1r16_run": "/home/yangshen0711/tsc_all/tsc_rzip_rllib/stage4_1r16_runs/stage4_1r16_amplitude_certified_probe_derived_braking_closure_20260729_131239",
      "source_symmetric_envelope_validated": false,
      "stage": "Stage4.1R17"
    }
  },
  "schema_version": 1,
  "source_audit_status": "passed",
  "source_stage4_1r16_run": "/home/yangshen0711/tsc_all/tsc_rzip_rllib/stage4_1r16_runs/stage4_1r16_amplitude_certified_probe_derived_braking_closure_20260729_131239",
  "stage": "Stage4.1R17",
  "stage4_2r1_was_not_run_or_reused": true,
  "terminal_measurement_noise_robustness_validated": false,
  "true_restart_validation_performed": false,
  "unseen_hidden_state_robustness_validated": false,
  "verdict": "STAGE4_1R17_ORIGINAL_DEADLINE_ONE_SIDED_BRAKING_CLOSURE",
  "warning": "R17 can only validate a fixed one-sided, delay-conditioned braking patch for two targets, static delay={1,2}, slew=0.9 in the same clean digital twin. R16's large-amplitude bidirectional model remains invalid.  R17 does not validate restart, hidden history, continuous parameters, noise, disturbances or deployment."
}
