[Stage4.1R11] user=yangshen0711 host=master pwd=/home/yangshen0711/tsc_all/tsc_rzip_rllib
[Stage4.1R11] source_stage4_1r10_run=/home/yangshen0711/tsc_all/tsc_rzip_rllib/stage4_1r10_runs/stage4_1r10_queue_preview_terminal_transition_hold_20260728_070449
[Stage4.1R11] run_dir=/home/yangshen0711/tsc_all/tsc_rzip_rllib/stage4_1r11_runs/stage4_1r11_frozen_terminal_long_horizon_hold_20260728_110313
[Stage4.1R11] config=/home/yangshen0711/tsc_all/tsc_rzip_rllib/configs/stage4_1r11_frozen_terminal_long_horizon_hold_2000ms.json
[Stage4.1R11] command=all backend=ray resume=0 workers=128
[Stage4.1R11] python=/home/yangshen0711/tsc_all/tsc_simulation/venv_simu/bin/python RAY_TMPDIR=/tmp/stage4_1r11_1120
[Stage4.1R11] R10 finite 750 ms closure is frozen; no policy retuning and no new favorable endpoint search are allowed.
[Stage4.1R11] The complete R10 physics/issued/applied/preview/terminal prefix through 750 ms must remain bit-exact.
[Stage4.1R11] The same two targets and static 3x3 delay/slew grid are extended to a fixed 2000 ms clean hold from the inherited 650 ms hold start.
[Stage4.1R11] This is still not true restart, hidden-history, continuous-parameter, plant-mismatch, noisy-sensing, or deployment validation.
[Stage4.1R11] Final task remains causal safe arrival, deceleration, disturbance recovery and long hold across hidden histories, targets, continuous plant/actuator changes, noise and unknown delay.
2026-07-28 19:03:22,380	INFO worker.py:2012 -- Started a local Ray instance.
/home/yangshen0711/tsc_all/tsc_simulation/venv_simu/lib/python3.12/site-packages/ray/_private/worker.py:2051: FutureWarning: Tip: In future versions of Ray, Ray will no longer override accelerator visible devices env var if num_gpus=0 or num_gpus=None (default). To enable this behavior and turn off this error message, set RAY_ACCEL_ENV_VAR_OVERRIDE_ON_ZERO=0
  warnings.warn(
[Stage4.1R11 mixed-variant] ray_capacity requested=128 cluster_cpus=128 pending=18 actors=18 initialized_now=1
[Stage4.1R11 mixed-variant] actor_allocation={"slew_0p900_h200":6,"slew_1p000_h200":6,"slew_1p100_h200":6}
[Stage4.1R11 mixed-variant] waiting 0/18
[Stage4.1R11 mixed-variant] waiting 0/18
[Stage4.1R11 mixed-variant] waiting 0/18
[Stage4.1R11 mixed-variant] waiting 0/18
[Stage4.1R11 mixed-variant] waiting 0/18
[Stage4.1R11 mixed-variant] waiting 0/18
[Stage4.1R11 mixed-variant] waiting 0/18
[Stage4.1R11 mixed-variant] waiting 0/18
[Stage4.1R11 mixed-variant] waiting 0/18
[Stage4.1R11 mixed-variant] waiting 0/18
[Stage4.1R11 mixed-variant] waiting 0/18
[Stage4.1R11 mixed-variant] waiting 0/18
[Stage4.1R11 mixed-variant] waiting 0/18
[Stage4.1R11 mixed-variant] waiting 0/18
[Stage4.1R11 mixed-variant] waiting 0/18
[Stage4.1R11 mixed-variant] waiting 0/18
[Stage4.1R11 mixed-variant] waiting 0/18
[Stage4.1R11 mixed-variant] waiting 0/18
[Stage4.1R11 mixed-variant] waiting 0/18
[Stage4.1R11 mixed-variant] waiting 0/18
[Stage4.1R11 mixed-variant] waiting 0/18
[Stage4.1R11 mixed-variant] waiting 0/18
[Stage4.1R11 mixed-variant] waiting 0/18
[Stage4.1R11 mixed-variant] waiting 0/18
[Stage4.1R11 mixed-variant] waiting 0/18
[Stage4.1R11 mixed-variant] waiting 0/18
[Stage4.1R11 mixed-variant] waiting 0/18
[Stage4.1R11 mixed-variant] waiting 0/18
[Stage4.1R11 mixed-variant] waiting 0/18
[Stage4.1R11 mixed-variant] waiting 0/18
[Stage4.1R11 mixed-variant] waiting 0/18
[Stage4.1R11 mixed-variant] waiting 0/18
[Stage4.1R11 mixed-variant] waiting 0/18
[Stage4.1R11 mixed-variant] waiting 0/18
[Stage4.1R11 mixed-variant] waiting 0/18
[Stage4.1R11 mixed-variant] waiting 0/18
[Stage4.1R11 mixed-variant] waiting 0/18
[Stage4.1R11 mixed-variant] waiting 0/18
[Stage4.1R11 mixed-variant] waiting 0/18
[Stage4.1R11 mixed-variant] waiting 0/18
[Stage4.1R11 mixed-variant] waiting 0/18
[Stage4.1R11 mixed-variant] waiting 0/18
[Stage4.1R11 mixed-variant] waiting 0/18
[Stage4.1R11 mixed-variant] waiting 0/18
[Stage4.1R11 mixed-variant] waiting 0/18
[Stage4.1R11 mixed-variant] waiting 0/18
[Stage4.1R11 mixed-variant] waiting 0/18
[Stage4.1R11 mixed-variant] waiting 0/18
[Stage4.1R11 mixed-variant] waiting 0/18
[Stage4.1R11 mixed-variant] waiting 0/18
[Stage4.1R11 mixed-variant] waiting 0/18
[Stage4.1R11 mixed-variant] waiting 0/18
[Stage4.1R11 mixed-variant] waiting 0/18
[Stage4.1R11 mixed-variant] waiting 0/18
[Stage4.1R11 mixed-variant] waiting 0/18
[Stage4.1R11 mixed-variant] waiting 0/18
[Stage4.1R11 mixed-variant] waiting 0/18
[Stage4.1R11 mixed-variant] waiting 0/18
[Stage4.1R11 mixed-variant] waiting 0/18
[Stage4.1R11 mixed-variant] waiting 0/18
[Stage4.1R11 mixed-variant] waiting 0/18
[Stage4.1R11 mixed-variant] waiting 0/18
[Stage4.1R11 mixed-variant] waiting 0/18
[Stage4.1R11 mixed-variant] waiting 0/18
[Stage4.1R11 mixed-variant] waiting 0/18
[Stage4.1R11 mixed-variant] waiting 0/18
[Stage4.1R11 mixed-variant] waiting 0/18
[Stage4.1R11 mixed-variant] waiting 0/18
[Stage4.1R11 mixed-variant] waiting 0/18
[Stage4.1R11 mixed-variant] waiting 0/18
[Stage4.1R11 mixed-variant] waiting 0/18
[Stage4.1R11 mixed-variant] waiting 0/18
[Stage4.1R11 mixed-variant] waiting 0/18
[Stage4.1R11 mixed-variant] waiting 0/18
[Stage4.1R11 mixed-variant] waiting 0/18
[Stage4.1R11 mixed-variant] waiting 0/18
[Stage4.1R11 mixed-variant] waiting 0/18
[Stage4.1R11 mixed-variant] waiting 0/18
[Stage4.1R11 mixed-variant] waiting 0/18
[Stage4.1R11 mixed-variant] waiting 0/18
[Stage4.1R11 mixed-variant] waiting 0/18
[Stage4.1R11 mixed-variant] waiting 0/18
[Stage4.1R11 mixed-variant] waiting 0/18
[Stage4.1R11 mixed-variant] waiting 0/18
[Stage4.1R11 mixed-variant] waiting 0/18
[Stage4.1R11 mixed-variant] waiting 0/18
[Stage4.1R11 mixed-variant] waiting 0/18
[Stage4.1R11 mixed-variant] waiting 0/18
[Stage4.1R11 mixed-variant] waiting 0/18
[Stage4.1R11 mixed-variant] waiting 0/18
[Stage4.1R11 mixed-variant] waiting 0/18
[Stage4.1R11 mixed-variant] waiting 0/18
[Stage4.1R11 mixed-variant] waiting 0/18
[Stage4.1R11 mixed-variant] waiting 0/18
[Stage4.1R11 mixed-variant] waiting 0/18
[Stage4.1R11 mixed-variant] waiting 0/18
[Stage4.1R11 mixed-variant] waiting 0/18
[Stage4.1R11 mixed-variant] waiting 0/18
[Stage4.1R11 mixed-variant] waiting 0/18
[Stage4.1R11 mixed-variant] waiting 0/18
[Stage4.1R11 mixed-variant] waiting 0/18
[Stage4.1R11 mixed-variant] 10/18
[Stage4.1R11 mixed-variant] 18/18
[Stage4.1R11 mixed-variant] ray_capacity requested=128 cluster_cpus=128 pending=18 actors=18 initialized_now=0
[Stage4.1R11 mixed-variant] actor_allocation={"slew_0p900_h200":6,"slew_1p000_h200":6,"slew_1p100_h200":6}
[Stage4.1R11 mixed-variant] waiting 0/18
[Stage4.1R11 mixed-variant] waiting 0/18
[Stage4.1R11 mixed-variant] waiting 0/18
[Stage4.1R11 mixed-variant] waiting 0/18
[Stage4.1R11 mixed-variant] waiting 0/18
[Stage4.1R11 mixed-variant] waiting 0/18
[Stage4.1R11 mixed-variant] waiting 0/18
[Stage4.1R11 mixed-variant] waiting 0/18
[Stage4.1R11 mixed-variant] waiting 0/18
[Stage4.1R11 mixed-variant] waiting 0/18
[Stage4.1R11 mixed-variant] waiting 0/18
[Stage4.1R11 mixed-variant] waiting 0/18
[Stage4.1R11 mixed-variant] waiting 0/18
[Stage4.1R11 mixed-variant] waiting 0/18
[Stage4.1R11 mixed-variant] waiting 0/18
[Stage4.1R11 mixed-variant] waiting 0/18
[Stage4.1R11 mixed-variant] waiting 0/18
[Stage4.1R11 mixed-variant] waiting 0/18
[Stage4.1R11 mixed-variant] waiting 0/18
[Stage4.1R11 mixed-variant] waiting 0/18
[Stage4.1R11 mixed-variant] waiting 0/18
[Stage4.1R11 mixed-variant] waiting 0/18
[Stage4.1R11 mixed-variant] waiting 0/18
[Stage4.1R11 mixed-variant] waiting 0/18
[Stage4.1R11 mixed-variant] waiting 0/18
[Stage4.1R11 mixed-variant] waiting 0/18
[Stage4.1R11 mixed-variant] waiting 0/18
[Stage4.1R11 mixed-variant] waiting 0/18
[Stage4.1R11 mixed-variant] waiting 0/18
[Stage4.1R11 mixed-variant] waiting 0/18
[Stage4.1R11 mixed-variant] waiting 0/18
[Stage4.1R11 mixed-variant] waiting 0/18
[Stage4.1R11 mixed-variant] waiting 0/18
[Stage4.1R11 mixed-variant] waiting 0/18
[Stage4.1R11 mixed-variant] waiting 0/18
[Stage4.1R11 mixed-variant] waiting 0/18
[Stage4.1R11 mixed-variant] waiting 0/18
[Stage4.1R11 mixed-variant] waiting 0/18
[Stage4.1R11 mixed-variant] waiting 0/18
[Stage4.1R11 mixed-variant] waiting 0/18
[Stage4.1R11 mixed-variant] waiting 0/18
[Stage4.1R11 mixed-variant] waiting 0/18
[Stage4.1R11 mixed-variant] waiting 0/18
[Stage4.1R11 mixed-variant] waiting 0/18
[Stage4.1R11 mixed-variant] waiting 0/18
[Stage4.1R11 mixed-variant] waiting 0/18
[Stage4.1R11 mixed-variant] waiting 0/18
[Stage4.1R11 mixed-variant] waiting 0/18
[Stage4.1R11 mixed-variant] waiting 0/18
[Stage4.1R11 mixed-variant] waiting 0/18
[Stage4.1R11 mixed-variant] waiting 0/18
[Stage4.1R11 mixed-variant] waiting 0/18
[Stage4.1R11 mixed-variant] waiting 0/18
[Stage4.1R11 mixed-variant] waiting 0/18
[Stage4.1R11 mixed-variant] waiting 0/18
[Stage4.1R11 mixed-variant] waiting 0/18
[Stage4.1R11 mixed-variant] waiting 0/18
[Stage4.1R11 mixed-variant] waiting 0/18
[Stage4.1R11 mixed-variant] waiting 0/18
[Stage4.1R11 mixed-variant] waiting 0/18
[Stage4.1R11 mixed-variant] waiting 0/18
[Stage4.1R11 mixed-variant] waiting 0/18
[Stage4.1R11 mixed-variant] waiting 0/18
[Stage4.1R11 mixed-variant] waiting 0/18
[Stage4.1R11 mixed-variant] waiting 0/18
[Stage4.1R11 mixed-variant] waiting 0/18
[Stage4.1R11 mixed-variant] waiting 0/18
[Stage4.1R11 mixed-variant] waiting 0/18
[Stage4.1R11 mixed-variant] waiting 0/18
[Stage4.1R11 mixed-variant] waiting 0/18
[Stage4.1R11 mixed-variant] waiting 0/18
[Stage4.1R11 mixed-variant] waiting 0/18
[Stage4.1R11 mixed-variant] waiting 0/18
[Stage4.1R11 mixed-variant] waiting 0/18
[Stage4.1R11 mixed-variant] waiting 0/18
[Stage4.1R11 mixed-variant] waiting 0/18
[Stage4.1R11 mixed-variant] waiting 0/18
[Stage4.1R11 mixed-variant] waiting 0/18
[Stage4.1R11 mixed-variant] waiting 0/18
[Stage4.1R11 mixed-variant] waiting 0/18
[Stage4.1R11 mixed-variant] waiting 0/18
[Stage4.1R11 mixed-variant] waiting 0/18
[Stage4.1R11 mixed-variant] waiting 0/18
[Stage4.1R11 mixed-variant] waiting 0/18
[Stage4.1R11 mixed-variant] waiting 0/18
[Stage4.1R11 mixed-variant] waiting 0/18
[Stage4.1R11 mixed-variant] waiting 0/18
[Stage4.1R11 mixed-variant] waiting 0/18
[Stage4.1R11 mixed-variant] waiting 0/18
[Stage4.1R11 mixed-variant] waiting 0/18
[Stage4.1R11 mixed-variant] waiting 0/18
[Stage4.1R11 mixed-variant] waiting 0/18
[Stage4.1R11 mixed-variant] waiting 0/18
[Stage4.1R11 mixed-variant] waiting 0/18
[Stage4.1R11 mixed-variant] waiting 0/18
[Stage4.1R11 mixed-variant] waiting 0/18
[Stage4.1R11 mixed-variant] waiting 0/18
[Stage4.1R11 mixed-variant] waiting 0/18
[Stage4.1R11 mixed-variant] waiting 0/18
[Stage4.1R11 mixed-variant] waiting 0/18
[Stage4.1R11 mixed-variant] waiting 0/18
[Stage4.1R11 mixed-variant] 10/18
[Stage4.1R11 mixed-variant] 18/18
{
  "schema_version": 1,
  "stage": "Stage4.1R11",
  "created_utc": "20260728_124729",
  "verdict": "STAGE4_1R11_FINITE_FROZEN_TERMINAL_2000MS_LONG_HOLD_CLOSURE",
  "source_stage4_1r10_run": "/home/yangshen0711/tsc_all/tsc_rzip_rllib/stage4_1r10_runs/stage4_1r10_queue_preview_terminal_transition_hold_20260728_070449",
  "source_audit_status": "passed",
  "oracle_long_hold_status": "passed",
  "calibrated_long_hold_status": "passed",
  "selected_terminal_policy": "qp28_c0p50_v1p50_p1p25_position",
  "policy_retuned": false,
  "new_arrival_endpoint_selected": false,
  "fixed_hold_start_ms": 650,
  "hold_horizon_ms": 2000,
  "source_750ms_prefix_exact_required": true,
  "finite_frozen_terminal_long_hold_envelope_validated": true,
  "true_restart_validation_available": false,
  "true_restart_validation_performed": false,
  "plant_parameter_robustness_validated": false,
  "continuous_parameter_change_validated": false,
  "terminal_measurement_noise_robustness_validated": false,
  "unseen_hidden_state_robustness_validated": false,
  "deployment_robustness_validated": false,
  "finite_test_envelope_only": true,
  "warning": "R11 can only validate a frozen 2000 ms clean hold for two targets and the discrete 3x3 static delay/slew grid in the same digital twin. It does not validate true restart state, hidden vessel/eddy history, plant-model error, continuous actuator changes, noisy sensing, or deployment.",
  "next_if_pass": "Proceed to Stage4.2 true restart, hidden-history and plant/actuator-parameter robustness. Do not start BC/DAgger/RL yet.",
  "next_if_fail": "Do not reinterpret R10 finite closure as a stable expert baseline. Identify a bounded terminal local model and redesign an offset-free terminal regulator without weakening the 30 mm/0.1 m/s gates and without handing 14-coil control to RL.",
  "final_task": "robust causal control across initial states, targets, hidden dynamics, plant uncertainty, noise, and delay",
  "phases": {
    "source_audit": {
      "schema_version": 1,
      "stage": "Stage4.1R11",
      "phase": "source_audit",
      "source_stage4_1r10_run": "/home/yangshen0711/tsc_all/tsc_rzip_rllib/stage4_1r10_runs/stage4_1r10_queue_preview_terminal_transition_hold_20260728_070449",
      "raw_rollouts": 81,
      "expected_raw_rollouts": 81,
      "unique_experiment_ids": 81,
      "environment_success_count": 81,
      "failure_reason_count": 0,
      "abnormal_state_count": 0,
      "nonfinite_rollout_count": 0,
      "selected_policy_id": "qp28_c0p50_v1p50_p1p25_position",
      "selected_policy_development_rollouts": 9,
      "selected_policy_holdout_rollouts": 9,
      "selected_policy_all_18_composite_pass": true,
      "selected_policy_minimum_development_combined_margin": 0.06596020273119285,
      "baseline_minimum_development_combined_margin": 0.06318411956687808,
      "selected_minus_baseline_minimum_margin": 0.0027760831643147688,
      "selected_policy_minimum_holdout_combined_margin": 0.039997189999999905,
      "all_six_policies_pure_stage3_tracking_fraction": 1.0,
      "r10_summary_tracking_fraction_is_composite_not_pure_tracking": true,
      "calibrated_exact_trace_equivalence_fraction": 1.0,
      "source_terminal_nonzero_control_diagnostic": {
        "maximum_final_pending_desired_norm": 0.14010596959032107,
        "maximum_last10_issued_mean_norm": 0.07591595424991733,
        "maximum_last10_current_net_change_norm_A": 2.4330376304346566,
        "positive_last10_speed_slope_case_count": 13,
        "interpretation": "R10 is a valid finite 750 ms closure, but the terminal command and current increments are not uniformly near zero. R11 must test the frozen controller over a much longer horizon before restart or plant-mismatch claims."
      },
      "passed": true
    },
    "oracle_long_hold": {
      "schema_version": 1,
      "stage": "Stage4.1R11",
      "phase": "oracle_long_hold",
      "n_rollouts": 18,
      "expected_rollouts": 18,
      "coverage_complete": true,
      "environment_success_count": 18,
      "long_hold_pass_fraction": 1.0,
      "minimum_combined_signed_margin": 0.039997189999999905,
      "source_prefix_exact_fraction": 1.0,
      "maximum_source_prefix_abs_difference": 0.0,
      "maximum_hold_box_error_m": 0.0288000843,
      "maximum_hold_speed_m_per_s": 0.04869939249355,
      "maximum_final_window_speed_rms_m_per_s": 0.02918559283930021,
      "maximum_current_utilization": 0.41225,
      "maximum_final_window_current_net_change_A": 0.8333333333333286,
      "maximum_final_window_issued_desired_mean_norm": 0.012473897022572417,
      "maximum_final_pending_desired_norm": 0.12644874135738146,
      "by_target": [
        {
          "target_id": "nominal",
          "n_rollouts": 9,
          "pass_fraction": 1.0,
          "minimum_combined_margin": 0.15700839095079022,
          "maximum_hold_box_error_m": 0.0218488678,
          "maximum_hold_speed_m_per_s": 0.04869939249355,
          "maximum_current_utilization": 0.41174999999999995
        },
        {
          "target_id": "RZ_p10_m10",
          "n_rollouts": 9,
          "pass_fraction": 1.0,
          "minimum_combined_margin": 0.039997189999999905,
          "maximum_hold_box_error_m": 0.0288000843,
          "maximum_hold_speed_m_per_s": 0.04601861977168816,
          "maximum_current_utilization": 0.41225
        }
      ],
      "passed": true
    },
    "calibrated_long_hold": {
      "schema_version": 1,
      "stage": "Stage4.1R11",
      "phase": "calibrated_long_hold",
      "n_rollouts": 18,
      "expected_rollouts": 18,
      "coverage_complete": true,
      "environment_success_count": 18,
      "long_hold_pass_fraction": 1.0,
      "minimum_combined_signed_margin": 0.039997189999999905,
      "source_prefix_exact_fraction": 1.0,
      "maximum_source_prefix_abs_difference": 0.0,
      "maximum_hold_box_error_m": 0.0288000843,
      "maximum_hold_speed_m_per_s": 0.04869939249355,
      "maximum_final_window_speed_rms_m_per_s": 0.02918559283930021,
      "maximum_current_utilization": 0.41225,
      "maximum_final_window_current_net_change_A": 0.8333333333333286,
      "maximum_final_window_issued_desired_mean_norm": 0.012473897022572417,
      "maximum_final_pending_desired_norm": 0.12644874135738146,
      "by_target": [
        {
          "target_id": "nominal",
          "n_rollouts": 9,
          "pass_fraction": 1.0,
          "minimum_combined_margin": 0.15700839095079022,
          "maximum_hold_box_error_m": 0.0218488678,
          "maximum_hold_speed_m_per_s": 0.04869939249355,
          "maximum_current_utilization": 0.41174999999999995
        },
        {
          "target_id": "RZ_p10_m10",
          "n_rollouts": 9,
          "pass_fraction": 1.0,
          "minimum_combined_margin": 0.039997189999999905,
          "maximum_hold_box_error_m": 0.0288000843,
          "maximum_hold_speed_m_per_s": 0.04601861977168816,
          "maximum_current_utilization": 0.41225
        }
      ],
      "passed": true,
      "distinct_calibration_tokens": 9,
      "untrusted_main_start_count": 0,
      "exact_trace_equivalence_fraction": 1.0,
      "numeric_trace_equivalence_fraction": 1.0,
      "numeric_trace_equivalence_atol": 1e-12,
      "maximum_trace_abs_difference": 0.0,
      "comparisons": [
        {
          "target_id": "nominal",
          "actual_delay_steps": 0,
          "actual_slew_scale": 0.9,
          "calibration_token": "s41r8_96f124360adfe0ea785a",
          "exact_trace_equal_to_oracle": true,
          "numeric_trace_equal_to_oracle": true,
          "maximum_trace_abs_difference": 0.0,
          "component_max_abs_difference": {
            "physics": 0.0,
            "main_issued": 0.0,
            "main_applied": 0.0,
            "original_main_issued": 0.0,
            "preview_issued": 0.0,
            "preview_applied": 0.0,
            "terminal_issued": 0.0,
            "terminal_applied": 0.0
          }
        },
        {
          "target_id": "RZ_p10_m10",
          "actual_delay_steps": 0,
          "actual_slew_scale": 0.9,
          "calibration_token": "s41r8_96f124360adfe0ea785a",
          "exact_trace_equal_to_oracle": true,
          "numeric_trace_equal_to_oracle": true,
          "maximum_trace_abs_difference": 0.0,
          "component_max_abs_difference": {
            "physics": 0.0,
            "main_issued": 0.0,
            "main_applied": 0.0,
            "original_main_issued": 0.0,
            "preview_issued": 0.0,
            "preview_applied": 0.0,
            "terminal_issued": 0.0,
            "terminal_applied": 0.0
          }
        },
        {
          "target_id": "nominal",
          "actual_delay_steps": 1,
          "actual_slew_scale": 0.9,
          "calibration_token": "s41r8_b2208612681b9ad35531",
          "exact_trace_equal_to_oracle": true,
          "numeric_trace_equal_to_oracle": true,
          "maximum_trace_abs_difference": 0.0,
          "component_max_abs_difference": {
            "physics": 0.0,
            "main_issued": 0.0,
            "main_applied": 0.0,
            "original_main_issued": 0.0,
            "preview_issued": 0.0,
            "preview_applied": 0.0,
            "terminal_issued": 0.0,
            "terminal_applied": 0.0
          }
        },
        {
          "target_id": "RZ_p10_m10",
          "actual_delay_steps": 1,
          "actual_slew_scale": 0.9,
          "calibration_token": "s41r8_b2208612681b9ad35531",
          "exact_trace_equal_to_oracle": true,
          "numeric_trace_equal_to_oracle": true,
          "maximum_trace_abs_difference": 0.0,
          "component_max_abs_difference": {
            "physics": 0.0,
            "main_issued": 0.0,
            "main_applied": 0.0,
            "original_main_issued": 0.0,
            "preview_issued": 0.0,
            "preview_applied": 0.0,
            "terminal_issued": 0.0,
            "terminal_applied": 0.0
          }
        },
        {
          "target_id": "nominal",
          "actual_delay_steps": 2,
          "actual_slew_scale": 0.9,
          "calibration_token": "s41r8_1755db2b033e3c882e1b",
          "exact_trace_equal_to_oracle": true,
          "numeric_trace_equal_to_oracle": true,
          "maximum_trace_abs_difference": 0.0,
          "component_max_abs_difference": {
            "physics": 0.0,
            "main_issued": 0.0,
            "main_applied": 0.0,
            "original_main_issued": 0.0,
            "preview_issued": 0.0,
            "preview_applied": 0.0,
            "terminal_issued": 0.0,
            "terminal_applied": 0.0
          }
        },
        {
          "target_id": "RZ_p10_m10",
          "actual_delay_steps": 2,
          "actual_slew_scale": 0.9,
          "calibration_token": "s41r8_1755db2b033e3c882e1b",
          "exact_trace_equal_to_oracle": true,
          "numeric_trace_equal_to_oracle": true,
          "maximum_trace_abs_difference": 0.0,
          "component_max_abs_difference": {
            "physics": 0.0,
            "main_issued": 0.0,
            "main_applied": 0.0,
            "original_main_issued": 0.0,
            "preview_issued": 0.0,
            "preview_applied": 0.0,
            "terminal_issued": 0.0,
            "terminal_applied": 0.0
          }
        },
        {
          "target_id": "nominal",
          "actual_delay_steps": 0,
          "actual_slew_scale": 1.0,
          "calibration_token": "s41r8_323e2cee1e36e56b87b5",
          "exact_trace_equal_to_oracle": true,
          "numeric_trace_equal_to_oracle": true,
          "maximum_trace_abs_difference": 0.0,
          "component_max_abs_difference": {
            "physics": 0.0,
            "main_issued": 0.0,
            "main_applied": 0.0,
            "original_main_issued": 0.0,
            "preview_issued": 0.0,
            "preview_applied": 0.0,
            "terminal_issued": 0.0,
            "terminal_applied": 0.0
          }
        },
        {
          "target_id": "RZ_p10_m10",
          "actual_delay_steps": 0,
          "actual_slew_scale": 1.0,
          "calibration_token": "s41r8_323e2cee1e36e56b87b5",
          "exact_trace_equal_to_oracle": true,
          "numeric_trace_equal_to_oracle": true,
          "maximum_trace_abs_difference": 0.0,
          "component_max_abs_difference": {
            "physics": 0.0,
            "main_issued": 0.0,
            "main_applied": 0.0,
            "original_main_issued": 0.0,
            "preview_issued": 0.0,
            "preview_applied": 0.0,
            "terminal_issued": 0.0,
            "terminal_applied": 0.0
          }
        },
        {
          "target_id": "nominal",
          "actual_delay_steps": 1,
          "actual_slew_scale": 1.0,
          "calibration_token": "s41r8_b8694b26ade3584683b1",
          "exact_trace_equal_to_oracle": true,
          "numeric_trace_equal_to_oracle": true,
          "maximum_trace_abs_difference": 0.0,
          "component_max_abs_difference": {
            "physics": 0.0,
            "main_issued": 0.0,
            "main_applied": 0.0,
            "original_main_issued": 0.0,
            "preview_issued": 0.0,
            "preview_applied": 0.0,
            "terminal_issued": 0.0,
            "terminal_applied": 0.0
          }
        },
        {
          "target_id": "RZ_p10_m10",
          "actual_delay_steps": 1,
          "actual_slew_scale": 1.0,
          "calibration_token": "s41r8_b8694b26ade3584683b1",
          "exact_trace_equal_to_oracle": true,
          "numeric_trace_equal_to_oracle": true,
          "maximum_trace_abs_difference": 0.0,
          "component_max_abs_difference": {
            "physics": 0.0,
            "main_issued": 0.0,
            "main_applied": 0.0,
            "original_main_issued": 0.0,
            "preview_issued": 0.0,
            "preview_applied": 0.0,
            "terminal_issued": 0.0,
            "terminal_applied": 0.0
          }
        },
        {
          "target_id": "nominal",
          "actual_delay_steps": 2,
          "actual_slew_scale": 1.0,
          "calibration_token": "s41r8_e10061668c7e87d2d1d2",
          "exact_trace_equal_to_oracle": true,
          "numeric_trace_equal_to_oracle": true,
          "maximum_trace_abs_difference": 0.0,
          "component_max_abs_difference": {
            "physics": 0.0,
            "main_issued": 0.0,
            "main_applied": 0.0,
            "original_main_issued": 0.0,
            "preview_issued": 0.0,
            "preview_applied": 0.0,
            "terminal_issued": 0.0,
            "terminal_applied": 0.0
          }
        },
        {
          "target_id": "RZ_p10_m10",
          "actual_delay_steps": 2,
          "actual_slew_scale": 1.0,
          "calibration_token": "s41r8_e10061668c7e87d2d1d2",
          "exact_trace_equal_to_oracle": true,
          "numeric_trace_equal_to_oracle": true,
          "maximum_trace_abs_difference": 0.0,
          "component_max_abs_difference": {
            "physics": 0.0,
            "main_issued": 0.0,
            "main_applied": 0.0,
            "original_main_issued": 0.0,
            "preview_issued": 0.0,
            "preview_applied": 0.0,
            "terminal_issued": 0.0,
            "terminal_applied": 0.0
          }
        },
        {
          "target_id": "nominal",
          "actual_delay_steps": 0,
          "actual_slew_scale": 1.1,
          "calibration_token": "s41r8_8f82d0b573eea7605820",
          "exact_trace_equal_to_oracle": true,
          "numeric_trace_equal_to_oracle": true,
          "maximum_trace_abs_difference": 0.0,
          "component_max_abs_difference": {
            "physics": 0.0,
            "main_issued": 0.0,
            "main_applied": 0.0,
            "original_main_issued": 0.0,
            "preview_issued": 0.0,
            "preview_applied": 0.0,
            "terminal_issued": 0.0,
            "terminal_applied": 0.0
          }
        },
        {
          "target_id": "RZ_p10_m10",
          "actual_delay_steps": 0,
          "actual_slew_scale": 1.1,
          "calibration_token": "s41r8_8f82d0b573eea7605820",
          "exact_trace_equal_to_oracle": true,
          "numeric_trace_equal_to_oracle": true,
          "maximum_trace_abs_difference": 0.0,
          "component_max_abs_difference": {
            "physics": 0.0,
            "main_issued": 0.0,
            "main_applied": 0.0,
            "original_main_issued": 0.0,
            "preview_issued": 0.0,
            "preview_applied": 0.0,
            "terminal_issued": 0.0,
            "terminal_applied": 0.0
          }
        },
        {
          "target_id": "nominal",
          "actual_delay_steps": 1,
          "actual_slew_scale": 1.1,
          "calibration_token": "s41r8_badc5183f5be7ee119c9",
          "exact_trace_equal_to_oracle": true,
          "numeric_trace_equal_to_oracle": true,
          "maximum_trace_abs_difference": 0.0,
          "component_max_abs_difference": {
            "physics": 0.0,
            "main_issued": 0.0,
            "main_applied": 0.0,
            "original_main_issued": 0.0,
            "preview_issued": 0.0,
            "preview_applied": 0.0,
            "terminal_issued": 0.0,
            "terminal_applied": 0.0
          }
        },
        {
          "target_id": "RZ_p10_m10",
          "actual_delay_steps": 1,
          "actual_slew_scale": 1.1,
          "calibration_token": "s41r8_badc5183f5be7ee119c9",
          "exact_trace_equal_to_oracle": true,
          "numeric_trace_equal_to_oracle": true,
          "maximum_trace_abs_difference": 0.0,
          "component_max_abs_difference": {
            "physics": 0.0,
            "main_issued": 0.0,
            "main_applied": 0.0,
            "original_main_issued": 0.0,
            "preview_issued": 0.0,
            "preview_applied": 0.0,
            "terminal_issued": 0.0,
            "terminal_applied": 0.0
          }
        },
        {
          "target_id": "nominal",
          "actual_delay_steps": 2,
          "actual_slew_scale": 1.1,
          "calibration_token": "s41r8_f128ff9ac029a5898f16",
          "exact_trace_equal_to_oracle": true,
          "numeric_trace_equal_to_oracle": true,
          "maximum_trace_abs_difference": 0.0,
          "component_max_abs_difference": {
            "physics": 0.0,
            "main_issued": 0.0,
            "main_applied": 0.0,
            "original_main_issued": 0.0,
            "preview_issued": 0.0,
            "preview_applied": 0.0,
            "terminal_issued": 0.0,
            "terminal_applied": 0.0
          }
        },
        {
          "target_id": "RZ_p10_m10",
          "actual_delay_steps": 2,
          "actual_slew_scale": 1.1,
          "calibration_token": "s41r8_f128ff9ac029a5898f16",
          "exact_trace_equal_to_oracle": true,
          "numeric_trace_equal_to_oracle": true,
          "maximum_trace_abs_difference": 0.0,
          "component_max_abs_difference": {
            "physics": 0.0,
            "main_issued": 0.0,
            "main_applied": 0.0,
            "original_main_issued": 0.0,
            "preview_issued": 0.0,
            "preview_applied": 0.0,
            "terminal_issued": 0.0,
            "terminal_applied": 0.0
          }
        }
      ]
    },
    "restart_audit": {
      "schema_version": 1,
      "stage": "Stage4.1R11",
      "phase": "restart_audit",
      "simulation_root": "/home/yangshen0711/tsc_all/tsc_simulation/HH70-PCS-ENV-LOW-FIELD-SIDE-118",
      "candidate_folders": [
        "1080ms",
        "1090ms",
        "1110ms",
        "1120ms"
      ],
      "available_folders": [],
      "true_restart_validation_available": false,
      "true_restart_validation_performed": false,
      "availability_requirement_for_stage4_1r11": false,
      "audit_completed": true,
      "passed": true
    }
  }
}
