[Stage4.1R10] user=yangshen0711 host=master pwd=/home/yangshen0711/tsc_all/tsc_rzip_rllib
[Stage4.1R10] source_stage4_1r9_run=/home/yangshen0711/tsc_all/tsc_rzip_rllib/stage4_1r9_runs/stage4_1r9_terminal_template_mpc_feedback_hold_20260728_020206
[Stage4.1R10] run_dir=/home/yangshen0711/tsc_all/tsc_rzip_rllib/stage4_1r10_runs/stage4_1r10_queue_preview_terminal_transition_hold_20260728_070449
[Stage4.1R10] config=/home/yangshen0711/tsc_all/tsc_rzip_rllib/configs/stage4_1r10_queue_preview_terminal_transition_hold_750ms.json
[Stage4.1R10] command=all backend=ray resume=0 workers=128
[Stage4.1R10] python=/home/yangshen0711/tsc_all/tsc_simulation/venv_simu/bin/python RAY_TMPDIR=/tmp/stage4_1r10_1120
[Stage4.1R10] R9 runtime/solver/queue were healthy, but all delay=1/2 policies failed before terminal commands could act.
[Stage4.1R10] The exact physical and applied-command prefix through 350 ms is frozen; only commands still unapplied at 350 ms are causally replaced at their original issue times.
[Stage4.1R10] Development uses nominal only, RZ_p10_m10 is a disjoint holdout, and untrusted calibration cannot start control.
[Stage4.1R10] This remains a finite clean-measurement digital-twin test, not restart, hidden-history, plant-mismatch, continuous-parameter, noise, or deployment validation.
[Stage4.1R10] Final task remains causal safe arrival, deceleration, disturbance recovery and long hold across hidden histories, targets, continuous plant/actuator changes, noise and unknown delay.
2026-07-28 15:04:57,407	INFO worker.py:2012 -- Started a local Ray instance.
/home/yangshen0711/tsc_all/tsc_simulation/venv_simu/lib/python3.12/site-packages/ray/_private/worker.py:2051: FutureWarning: Tip: In future versions of Ray, Ray will no longer override accelerator visible devices env var if num_gpus=0 or num_gpus=None (default). To enable this behavior and turn off this error message, set RAY_ACCEL_ENV_VAR_OVERRIDE_ON_ZERO=0
  warnings.warn(
[Stage4.1R10 mixed-variant] ray_capacity requested=128 cluster_cpus=128 pending=54 actors=54 initialized_now=1
[Stage4.1R10 mixed-variant] actor_allocation={"slew_0p900_h75":18,"slew_1p000_h75":18,"slew_1p100_h75":18}
[Stage4.1R10 mixed-variant] waiting 0/54
[Stage4.1R10 mixed-variant] waiting 0/54
[Stage4.1R10 mixed-variant] waiting 0/54
[Stage4.1R10 mixed-variant] waiting 0/54
[Stage4.1R10 mixed-variant] waiting 0/54
[Stage4.1R10 mixed-variant] waiting 0/54
[Stage4.1R10 mixed-variant] waiting 0/54
[Stage4.1R10 mixed-variant] waiting 0/54
[Stage4.1R10 mixed-variant] waiting 0/54
[Stage4.1R10 mixed-variant] waiting 0/54
[Stage4.1R10 mixed-variant] waiting 0/54
[Stage4.1R10 mixed-variant] waiting 0/54
[Stage4.1R10 mixed-variant] waiting 0/54
[Stage4.1R10 mixed-variant] waiting 0/54
[Stage4.1R10 mixed-variant] waiting 0/54
[Stage4.1R10 mixed-variant] waiting 0/54
[Stage4.1R10 mixed-variant] waiting 0/54
[Stage4.1R10 mixed-variant] waiting 0/54
[Stage4.1R10 mixed-variant] waiting 0/54
[Stage4.1R10 mixed-variant] waiting 0/54
[Stage4.1R10 mixed-variant] waiting 0/54
[Stage4.1R10 mixed-variant] waiting 0/54
[Stage4.1R10 mixed-variant] waiting 0/54
[Stage4.1R10 mixed-variant] waiting 0/54
[Stage4.1R10 mixed-variant] waiting 0/54
[Stage4.1R10 mixed-variant] waiting 0/54
[Stage4.1R10 mixed-variant] waiting 0/54
[Stage4.1R10 mixed-variant] waiting 0/54
[Stage4.1R10 mixed-variant] waiting 0/54
[Stage4.1R10 mixed-variant] waiting 0/54
[Stage4.1R10 mixed-variant] waiting 0/54
[Stage4.1R10 mixed-variant] waiting 0/54
[Stage4.1R10 mixed-variant] waiting 0/54
[Stage4.1R10 mixed-variant] waiting 0/54
[Stage4.1R10 mixed-variant] waiting 0/54
[Stage4.1R10 mixed-variant] waiting 0/54
[Stage4.1R10 mixed-variant] waiting 0/54
[Stage4.1R10 mixed-variant] waiting 0/54
[Stage4.1R10 mixed-variant] waiting 0/54
[Stage4.1R10 mixed-variant] waiting 0/54
[Stage4.1R10 mixed-variant] waiting 0/54
[Stage4.1R10 mixed-variant] waiting 0/54
[Stage4.1R10 mixed-variant] waiting 0/54
[Stage4.1R10 mixed-variant] waiting 0/54
[Stage4.1R10 mixed-variant] waiting 0/54
[Stage4.1R10 mixed-variant] waiting 0/54
[Stage4.1R10 mixed-variant] 10/54
[Stage4.1R10 mixed-variant] 20/54
[Stage4.1R10 mixed-variant] 30/54
[Stage4.1R10 mixed-variant] 40/54
[Stage4.1R10 mixed-variant] 50/54
[Stage4.1R10 mixed-variant] 54/54
[Stage4.1R10 mixed-variant] ray_capacity requested=128 cluster_cpus=128 pending=9 actors=9 initialized_now=0
[Stage4.1R10 mixed-variant] actor_allocation={"slew_0p900_h75":3,"slew_1p000_h75":3,"slew_1p100_h75":3}
[Stage4.1R10 mixed-variant] waiting 0/9
[Stage4.1R10 mixed-variant] waiting 0/9
[Stage4.1R10 mixed-variant] waiting 0/9
[Stage4.1R10 mixed-variant] waiting 0/9
[Stage4.1R10 mixed-variant] waiting 0/9
[Stage4.1R10 mixed-variant] waiting 0/9
[Stage4.1R10 mixed-variant] waiting 0/9
[Stage4.1R10 mixed-variant] waiting 0/9
[Stage4.1R10 mixed-variant] waiting 0/9
[Stage4.1R10 mixed-variant] waiting 0/9
[Stage4.1R10 mixed-variant] waiting 0/9
[Stage4.1R10 mixed-variant] waiting 0/9
[Stage4.1R10 mixed-variant] waiting 0/9
[Stage4.1R10 mixed-variant] waiting 0/9
[Stage4.1R10 mixed-variant] waiting 0/9
[Stage4.1R10 mixed-variant] waiting 0/9
[Stage4.1R10 mixed-variant] waiting 0/9
[Stage4.1R10 mixed-variant] waiting 0/9
[Stage4.1R10 mixed-variant] waiting 0/9
[Stage4.1R10 mixed-variant] waiting 0/9
[Stage4.1R10 mixed-variant] waiting 0/9
[Stage4.1R10 mixed-variant] waiting 0/9
[Stage4.1R10 mixed-variant] waiting 0/9
[Stage4.1R10 mixed-variant] waiting 0/9
[Stage4.1R10 mixed-variant] waiting 0/9
[Stage4.1R10 mixed-variant] waiting 0/9
[Stage4.1R10 mixed-variant] waiting 0/9
[Stage4.1R10 mixed-variant] waiting 0/9
[Stage4.1R10 mixed-variant] waiting 0/9
[Stage4.1R10 mixed-variant] waiting 0/9
[Stage4.1R10 mixed-variant] waiting 0/9
[Stage4.1R10 mixed-variant] waiting 0/9
[Stage4.1R10 mixed-variant] waiting 0/9
[Stage4.1R10 mixed-variant] waiting 0/9
[Stage4.1R10 mixed-variant] waiting 0/9
[Stage4.1R10 mixed-variant] waiting 0/9
[Stage4.1R10 mixed-variant] 9/9
[Stage4.1R10 mixed-variant] ray_capacity requested=128 cluster_cpus=128 pending=18 actors=18 initialized_now=0
[Stage4.1R10 mixed-variant] actor_allocation={"slew_0p900_h75":6,"slew_1p000_h75":6,"slew_1p100_h75":6}
[Stage4.1R10 mixed-variant] waiting 0/18
[Stage4.1R10 mixed-variant] waiting 0/18
[Stage4.1R10 mixed-variant] waiting 0/18
[Stage4.1R10 mixed-variant] waiting 0/18
[Stage4.1R10 mixed-variant] waiting 0/18
[Stage4.1R10 mixed-variant] waiting 0/18
[Stage4.1R10 mixed-variant] waiting 0/18
[Stage4.1R10 mixed-variant] waiting 0/18
[Stage4.1R10 mixed-variant] waiting 0/18
[Stage4.1R10 mixed-variant] waiting 0/18
[Stage4.1R10 mixed-variant] waiting 0/18
[Stage4.1R10 mixed-variant] waiting 0/18
[Stage4.1R10 mixed-variant] waiting 0/18
[Stage4.1R10 mixed-variant] waiting 0/18
[Stage4.1R10 mixed-variant] waiting 0/18
[Stage4.1R10 mixed-variant] waiting 0/18
[Stage4.1R10 mixed-variant] waiting 0/18
[Stage4.1R10 mixed-variant] waiting 0/18
[Stage4.1R10 mixed-variant] waiting 0/18
[Stage4.1R10 mixed-variant] waiting 0/18
[Stage4.1R10 mixed-variant] waiting 0/18
[Stage4.1R10 mixed-variant] waiting 0/18
[Stage4.1R10 mixed-variant] waiting 0/18
[Stage4.1R10 mixed-variant] waiting 0/18
[Stage4.1R10 mixed-variant] waiting 0/18
[Stage4.1R10 mixed-variant] waiting 0/18
[Stage4.1R10 mixed-variant] waiting 0/18
[Stage4.1R10 mixed-variant] waiting 0/18
[Stage4.1R10 mixed-variant] waiting 0/18
[Stage4.1R10 mixed-variant] waiting 0/18
[Stage4.1R10 mixed-variant] waiting 0/18
[Stage4.1R10 mixed-variant] waiting 0/18
[Stage4.1R10 mixed-variant] waiting 0/18
[Stage4.1R10 mixed-variant] waiting 0/18
[Stage4.1R10 mixed-variant] waiting 0/18
[Stage4.1R10 mixed-variant] waiting 0/18
[Stage4.1R10 mixed-variant] waiting 0/18
[Stage4.1R10 mixed-variant] waiting 0/18
[Stage4.1R10 mixed-variant] 10/18
[Stage4.1R10 mixed-variant] 18/18
{
  "schema_version": 1,
  "stage": "Stage4.1R10",
  "created_utc": "20260728_080701",
  "verdict": "STAGE4_1R10_FINITE_QUEUE_PREVIEW_TERMINAL_TRANSITION_HOLD_CLOSURE",
  "source_stage4_1r9_run": "/home/yangshen0711/tsc_all/tsc_rzip_rllib/stage4_1r9_runs/stage4_1r9_terminal_template_mpc_feedback_hold_20260728_020206",
  "source_audit_status": "passed",
  "oracle_development_status": "passed",
  "oracle_holdout_status": "passed",
  "calibrated_confirmation_status": "passed",
  "selected_terminal_policy": "qp28_c0p50_v1p50_p1p25_position",
  "finite_queue_preview_terminal_envelope_validated": true,
  "physical_prefix_through_350ms_frozen": true,
  "applied_command_prefix_through_350ms_frozen": true,
  "issued_prefix_changed_only_in_unapplied_slots": true,
  "causal_original_issue_time_preview_used": true,
  "continuous_streaming_delay_queue_used": true,
  "tracking_gate_weakened": false,
  "untrusted_default_main_start_allowed": false,
  "candidate_selection_target": "nominal",
  "disjoint_holdout_target": "RZ_p10_m10",
  "terminal_measurement_noise_robustness_validated": false,
  "true_restart_validation_available": false,
  "true_restart_validation_performed": false,
  "hardware_pre_shot_calibration_validated": false,
  "continuous_parameter_change_validated": false,
  "plant_parameter_robustness_validated": false,
  "unseen_hidden_state_robustness_validated": false,
  "deployment_robustness_validated": false,
  "finite_test_envelope_only": true,
  "warning": "R10 can only test a causal queue-boundary preview and clean terminal feedback inside the same finite static digital twin. It does not validate true restart state, hidden vessel/eddy history, continuous actuator changes, plant-model error, noisy sensing, or hardware deployment.",
  "next_if_pass": "Proceed to Stage4.2 true restart and plant/actuator-parameter robustness. Do not start BC/DAgger/RL yet.",
  "next_if_fail": "If the complete R10 Oracle development campaign fails, the queue-boundary artifact has been isolated and bounded terminal local-model identification is then justified. Redesign the terminal regulator without weakening the 30 mm/0.1 m/s gates and without handing 14-coil control back to RL.",
  "final_task": "robust causal control across initial states, targets, hidden dynamics, plant uncertainty, noise, and delay",
  "phases": {
    "source_audit": {
      "schema_version": 1,
      "stage": "Stage4.1R10",
      "phase": "source_audit",
      "source_stage4_1r9_run": "/home/yangshen0711/tsc_all/tsc_rzip_rllib/stage4_1r9_runs/stage4_1r9_terminal_template_mpc_feedback_hold_20260728_020206",
      "source_finished": true,
      "source_stop_reason": "oracle_development_failed",
      "raw_rollouts": 54,
      "expected_raw_rollouts": 54,
      "raw_coverage_complete": true,
      "unique_experiment_ids": 54,
      "environment_success_count": 54,
      "failure_reason_count": 0,
      "abnormal_state_count": 0,
      "solver_failure_step_count": 0,
      "streaming_queue_inconsistent_count": 0,
      "pending_queue_bypass_count": 0,
      "tracking_by_delay": {
        "0": {
          "passed": 18,
          "total": 18,
          "fraction": 1.0,
          "minimum_margin": 0.039259223333333204,
          "maximum_margin": 0.23918899333333332
        },
        "1": {
          "passed": 0,
          "total": 18,
          "fraction": 0.0,
          "minimum_margin": -0.4448111057858166,
          "maximum_margin": -0.06199248811673885
        },
        "2": {
          "passed": 0,
          "total": 18,
          "fraction": 0.0,
          "minimum_margin": -1.6396616280889464,
          "maximum_margin": -0.4461231035122095
        }
      },
      "all_delay0_cases_pass": true,
      "all_delay1_delay2_cases_fail": true,
      "all_policies_identical_before_first_terminal_effect": true,
      "maximum_pre_effect_prefix_difference": 0.0,
      "maximum_current_utilization": 0.41174999999999995,
      "transition_attribution": [
        {
          "actual_delay_steps": 0,
          "actual_slew_scale": 0.9,
          "speed_at_350ms_m_per_s": 0.022838072551773864,
          "speed_before_first_terminal_effect_m_per_s": 0.022838072551773864,
          "speed_after_first_terminal_effect_m_per_s": 0.045456765742355784,
          "speed_increase_from_pending_before_terminal_effect_m_per_s": 0.0,
          "pending_main_command_count": 0,
          "pending_main_command_norms": [],
          "maximum_pending_main_command_norm": 0.0,
          "first_terminal_desired_physical_norm": 0.10198161599033424,
          "policies_identical_before_first_terminal_effect": true
        },
        {
          "actual_delay_steps": 0,
          "actual_slew_scale": 1.0,
          "speed_at_350ms_m_per_s": 0.035340386950050644,
          "speed_before_first_terminal_effect_m_per_s": 0.035340386950050644,
          "speed_after_first_terminal_effect_m_per_s": 0.05760355239515093,
          "speed_increase_from_pending_before_terminal_effect_m_per_s": 0.0,
          "pending_main_command_count": 0,
          "pending_main_command_norms": [],
          "maximum_pending_main_command_norm": 0.0,
          "first_terminal_desired_physical_norm": 0.10198161599033424,
          "policies_identical_before_first_terminal_effect": true
        },
        {
          "actual_delay_steps": 0,
          "actual_slew_scale": 1.1,
          "speed_at_350ms_m_per_s": 0.029023678935894266,
          "speed_before_first_terminal_effect_m_per_s": 0.029023678935894266,
          "speed_after_first_terminal_effect_m_per_s": 0.04972361128207706,
          "speed_increase_from_pending_before_terminal_effect_m_per_s": 0.0,
          "pending_main_command_count": 0,
          "pending_main_command_norms": [],
          "maximum_pending_main_command_norm": 0.0,
          "first_terminal_desired_physical_norm": 0.10198161599033424,
          "policies_identical_before_first_terminal_effect": true
        },
        {
          "actual_delay_steps": 1,
          "actual_slew_scale": 0.9,
          "speed_at_350ms_m_per_s": 0.043292819195936,
          "speed_before_first_terminal_effect_m_per_s": 0.07099133853278922,
          "speed_after_first_terminal_effect_m_per_s": 0.10922377592093191,
          "speed_increase_from_pending_before_terminal_effect_m_per_s": 0.027698519336853217,
          "pending_main_command_count": 1,
          "pending_main_command_norms": [
            0.6188447776131282
          ],
          "maximum_pending_main_command_norm": 0.6188447776131282,
          "first_terminal_desired_physical_norm": 0.10198161599033424,
          "policies_identical_before_first_terminal_effect": true
        },
        {
          "actual_delay_steps": 1,
          "actual_slew_scale": 1.0,
          "speed_at_350ms_m_per_s": 0.027551233204711013,
          "speed_before_first_terminal_effect_m_per_s": 0.0515126884075176,
          "speed_after_first_terminal_effect_m_per_s": 0.09213450091523497,
          "speed_increase_from_pending_before_terminal_effect_m_per_s": 0.023961455202806584,
          "pending_main_command_count": 1,
          "pending_main_command_norms": [
            0.5569602998518153
          ],
          "maximum_pending_main_command_norm": 0.5569602998518153,
          "first_terminal_desired_physical_norm": 0.10198161599033424,
          "policies_identical_before_first_terminal_effect": true
        },
        {
          "actual_delay_steps": 1,
          "actual_slew_scale": 1.1,
          "speed_at_350ms_m_per_s": 0.026925358196046755,
          "speed_before_first_terminal_effect_m_per_s": 0.052716667047735116,
          "speed_after_first_terminal_effect_m_per_s": 0.09514128850924063,
          "speed_increase_from_pending_before_terminal_effect_m_per_s": 0.02579130885168836,
          "pending_main_command_count": 1,
          "pending_main_command_norms": [
            0.506327545319832
          ],
          "maximum_pending_main_command_norm": 0.506327545319832,
          "first_terminal_desired_physical_norm": 0.10198161599033424,
          "policies_identical_before_first_terminal_effect": true
        },
        {
          "actual_delay_steps": 2,
          "actual_slew_scale": 0.9,
          "speed_at_350ms_m_per_s": 0.04489186216035888,
          "speed_before_first_terminal_effect_m_per_s": 0.1094177535114158,
          "speed_after_first_terminal_effect_m_per_s": 0.15836703746729214,
          "speed_increase_from_pending_before_terminal_effect_m_per_s": 0.06452589135105694,
          "pending_main_command_count": 2,
          "pending_main_command_norms": [
            0.6188447776131282,
            0.6188447776131282
          ],
          "maximum_pending_main_command_norm": 0.6188447776131282,
          "first_terminal_desired_physical_norm": 0.10198161599033424,
          "policies_identical_before_first_terminal_effect": true
        },
        {
          "actual_delay_steps": 2,
          "actual_slew_scale": 1.0,
          "speed_at_350ms_m_per_s": 0.03238305551924962,
          "speed_before_first_terminal_effect_m_per_s": 0.10019332170839337,
          "speed_after_first_terminal_effect_m_per_s": 0.148074670347789,
          "speed_increase_from_pending_before_terminal_effect_m_per_s": 0.06781026618914375,
          "pending_main_command_count": 2,
          "pending_main_command_norms": [
            0.5569602998518153,
            0.5569602998518153
          ],
          "maximum_pending_main_command_norm": 0.5569602998518153,
          "first_terminal_desired_physical_norm": 0.10198161599033424,
          "policies_identical_before_first_terminal_effect": true
        },
        {
          "actual_delay_steps": 2,
          "actual_slew_scale": 1.1,
          "speed_at_350ms_m_per_s": 0.027639760281943284,
          "speed_before_first_terminal_effect_m_per_s": 0.09350509284454223,
          "speed_after_first_terminal_effect_m_per_s": 0.1410128724510451,
          "speed_increase_from_pending_before_terminal_effect_m_per_s": 0.06586533256259894,
          "pending_main_command_count": 2,
          "pending_main_command_norms": [
            0.506327545319832,
            0.506327545319832
          ],
          "maximum_pending_main_command_norm": 0.506327545319832,
          "first_terminal_desired_physical_norm": 0.10198161599033424,
          "policies_identical_before_first_terminal_effect": true
        }
      ],
      "source_holdout_status": "not_run",
      "source_calibrated_confirmation_status": "not_run",
      "passed": true,
      "interpretation": "R9 completed normally. Every delay=0 development case passed and every delay=1/2 case failed for every candidate. Before a terminal-issued command can affect the plant, policies are exactly identical; the remaining main-MPC pipeline commands create a deterministic speed kick. R10 therefore changes the causal queue-boundary transition, not the tracking gate and not the 14-coil problem ownership."
    },
    "oracle_development": {
      "schema_version": 1,
      "stage": "Stage4.1R10",
      "phase": "oracle_development",
      "development_target_id": "nominal",
      "holdout_target_id": "RZ_p10_m10",
      "candidate_selection_uses_holdout": false,
      "n_rollouts": 54,
      "expected_rollouts": 54,
      "coverage_complete": true,
      "policy_summaries": [
        {
          "policy_id": "qp28_c0p50_v1p50_p1p00_baseline",
          "n_rollouts": 9,
          "coverage_complete": true,
          "all_environment_success": true,
          "tracking_fraction": 1.0,
          "minimum_combined_signed_margin": 0.06318411956687808,
          "minimum_tracking_signed_margin": 0.25351092,
          "mean_combined_signed_margin": 0.2293773571642851,
          "all_prefix_guards_pass": true,
          "all_preview_guards_pass": true,
          "all_streaming_queue_guards_pass": true,
          "all_convergence_guards_pass": true,
          "maximum_preview_desired_physical_norm": 0.14153978110501342,
          "maximum_final_pending_desired_physical_norm": 0.14052238206496828,
          "maximum_last10_speed_rms_m_per_s": 0.03345761788689743,
          "maximum_last10_box_error_m": 0.0223946724,
          "mean_terminal_action_rms": 0.030808199873254158,
          "passed": true
        },
        {
          "policy_id": "qp24_c0p50_v1p50_p1p00_early",
          "n_rollouts": 9,
          "coverage_complete": true,
          "all_environment_success": true,
          "tracking_fraction": 1.0,
          "minimum_combined_signed_margin": 0.0516994003459631,
          "minimum_tracking_signed_margin": 0.3611365866666666,
          "mean_combined_signed_margin": 0.22079425365611452,
          "all_prefix_guards_pass": true,
          "all_preview_guards_pass": true,
          "all_streaming_queue_guards_pass": true,
          "all_convergence_guards_pass": true,
          "maximum_preview_desired_physical_norm": 0.1421889456149214,
          "maximum_final_pending_desired_physical_norm": 0.14224508994810553,
          "maximum_last10_speed_rms_m_per_s": 0.04013017532742348,
          "maximum_last10_box_error_m": 0.0191659024,
          "mean_terminal_action_rms": 0.032681451308430316,
          "passed": true
        },
        {
          "policy_id": "qp28_c0p75_v1p50_p1p00_scale",
          "n_rollouts": 9,
          "coverage_complete": true,
          "all_environment_success": true,
          "tracking_fraction": 0.4444444444444444,
          "minimum_combined_signed_margin": -0.4167898081618753,
          "minimum_tracking_signed_margin": 0.36371575,
          "mean_combined_signed_margin": -0.015904791902083097,
          "all_prefix_guards_pass": true,
          "all_preview_guards_pass": true,
          "all_streaming_queue_guards_pass": true,
          "all_convergence_guards_pass": false,
          "maximum_preview_desired_physical_norm": 0.21242444390667628,
          "maximum_final_pending_desired_physical_norm": 0.21251847122428127,
          "maximum_last10_speed_rms_m_per_s": 0.05341293427101242,
          "maximum_last10_box_error_m": 0.0190885275,
          "mean_terminal_action_rms": 0.047684047579462326,
          "passed": false
        },
        {
          "policy_id": "qp28_c0p50_v2p00_p1p00_velocity",
          "n_rollouts": 9,
          "coverage_complete": true,
          "all_environment_success": true,
          "tracking_fraction": 1.0,
          "minimum_combined_signed_margin": 0.05501070194219493,
          "minimum_tracking_signed_margin": 0.23533944666666662,
          "mean_combined_signed_margin": 0.1914577964063214,
          "all_prefix_guards_pass": true,
          "all_preview_guards_pass": true,
          "all_streaming_queue_guards_pass": true,
          "all_convergence_guards_pass": true,
          "maximum_preview_desired_physical_norm": 0.14162121623412052,
          "maximum_final_pending_desired_physical_norm": 0.14174839470867076,
          "maximum_last10_speed_rms_m_per_s": 0.03525060100335815,
          "maximum_last10_box_error_m": 0.0229398166,
          "mean_terminal_action_rms": 0.03357629454390191,
          "passed": true
        },
        {
          "policy_id": "qp28_c0p50_v1p50_p1p25_position",
          "n_rollouts": 9,
          "coverage_complete": true,
          "all_environment_success": true,
          "tracking_fraction": 1.0,
          "minimum_combined_signed_margin": 0.06596020273119285,
          "minimum_tracking_signed_margin": 0.2717044066666666,
          "mean_combined_signed_margin": 0.2502360329262502,
          "all_prefix_guards_pass": true,
          "all_preview_guards_pass": true,
          "all_streaming_queue_guards_pass": true,
          "all_convergence_guards_pass": true,
          "maximum_preview_desired_physical_norm": 0.14152098322805584,
          "maximum_final_pending_desired_physical_norm": 0.14010596959032107,
          "maximum_last10_speed_rms_m_per_s": 0.03568265044033909,
          "maximum_last10_box_error_m": 0.0218488678,
          "mean_terminal_action_rms": 0.030962224628339072,
          "passed": true
        },
        {
          "policy_id": "qp24_c0p75_v2p00_p1p25_combined",
          "n_rollouts": 9,
          "coverage_complete": true,
          "all_environment_success": true,
          "tracking_fraction": 0.3333333333333333,
          "minimum_combined_signed_margin": -0.45688022843334664,
          "minimum_tracking_signed_margin": 0.001985355351799445,
          "mean_combined_signed_margin": -0.10157549925181224,
          "all_prefix_guards_pass": true,
          "all_preview_guards_pass": true,
          "all_streaming_queue_guards_pass": true,
          "all_convergence_guards_pass": false,
          "maximum_preview_desired_physical_norm": 0.21793360892380603,
          "maximum_final_pending_desired_physical_norm": 0.21853203426500198,
          "maximum_last10_speed_rms_m_per_s": 0.06216779808715569,
          "maximum_last10_box_error_m": 0.0170261014,
          "mean_terminal_action_rms": 0.04999600723688507,
          "passed": false
        }
      ],
      "selected_policy_id": "qp28_c0p50_v1p50_p1p25_position",
      "selected_policy_minimum_combined_signed_margin": 0.06596020273119285,
      "passed": true
    },
    "oracle_holdout": {
      "schema_version": 1,
      "stage": "Stage4.1R10",
      "phase": "oracle_holdout",
      "selected_policy_id": "qp28_c0p50_v1p50_p1p25_position",
      "holdout_target_id": "RZ_p10_m10",
      "holdout_was_not_used_for_policy_selection": true,
      "n_rollouts": 9,
      "expected_rollouts": 9,
      "coverage_complete": true,
      "policy_summary": {
        "policy_id": "qp28_c0p50_v1p50_p1p25_position",
        "n_rollouts": 9,
        "coverage_complete": true,
        "all_environment_success": true,
        "tracking_fraction": 1.0,
        "minimum_combined_signed_margin": 0.039997189999999905,
        "minimum_tracking_signed_margin": 0.039997189999999905,
        "mean_combined_signed_margin": 0.09768465777777771,
        "all_prefix_guards_pass": true,
        "all_preview_guards_pass": true,
        "all_streaming_queue_guards_pass": true,
        "all_convergence_guards_pass": true,
        "maximum_preview_desired_physical_norm": 0.12563454722554895,
        "maximum_final_pending_desired_physical_norm": 0.13096322740218158,
        "maximum_last10_speed_rms_m_per_s": 0.030326499074741123,
        "maximum_last10_box_error_m": 0.0288000843,
        "mean_terminal_action_rms": 0.030603919443426594,
        "passed": true
      },
      "passed": true
    },
    "calibrated_confirmation": {
      "schema_version": 1,
      "stage": "Stage4.1R10",
      "phase": "calibrated_confirmation",
      "n_rollouts": 18,
      "expected_rollouts": 18,
      "coverage_complete": true,
      "n_successful": 18,
      "tracking_pass_fraction": 1.0,
      "distinct_calibration_tokens": 9,
      "untrusted_main_start_count": 0,
      "exact_trace_equivalence_fraction": 1.0,
      "numeric_trace_equivalence_fraction": 1.0,
      "numeric_trace_equivalence_atol": 1e-12,
      "maximum_trace_abs_difference": 0.0,
      "comparisons": [
        {
          "target_id": "nominal",
          "actual_delay_steps": 0,
          "actual_slew_scale": 0.9,
          "exact_trace_equal_to_oracle": true,
          "numeric_trace_equal_to_oracle": true,
          "maximum_trace_abs_difference": 0.0,
          "component_max_abs_difference": {
            "physics": 0.0,
            "main_issued": 0.0,
            "main_applied": 0.0,
            "original_main_issued": 0.0,
            "preview_issued": 0.0,
            "preview_applied": 0.0,
            "terminal_issued": 0.0,
            "terminal_applied": 0.0
          },
          "calibrated_combined_margin": 0.4327760799999999,
          "oracle_combined_margin": 0.4327760799999999
        },
        {
          "target_id": "RZ_p10_m10",
          "actual_delay_steps": 0,
          "actual_slew_scale": 0.9,
          "exact_trace_equal_to_oracle": true,
          "numeric_trace_equal_to_oracle": true,
          "maximum_trace_abs_difference": 0.0,
          "component_max_abs_difference": {
            "physics": 0.0,
            "main_issued": 0.0,
            "main_applied": 0.0,
            "original_main_issued": 0.0,
            "preview_issued": 0.0,
            "preview_applied": 0.0,
            "terminal_issued": 0.0,
            "terminal_applied": 0.0
          },
          "calibrated_combined_margin": 0.1674127466666666,
          "oracle_combined_margin": 0.1674127466666666
        },
        {
          "target_id": "nominal",
          "actual_delay_steps": 1,
          "actual_slew_scale": 0.9,
          "exact_trace_equal_to_oracle": true,
          "numeric_trace_equal_to_oracle": true,
          "maximum_trace_abs_difference": 0.0,
          "component_max_abs_difference": {
            "physics": 0.0,
            "main_issued": 0.0,
            "main_applied": 0.0,
            "original_main_issued": 0.0,
            "preview_issued": 0.0,
            "preview_applied": 0.0,
            "terminal_issued": 0.0,
            "terminal_applied": 0.0
          },
          "calibrated_combined_margin": 0.29085511557403865,
          "oracle_combined_margin": 0.29085511557403865
        },
        {
          "target_id": "RZ_p10_m10",
          "actual_delay_steps": 1,
          "actual_slew_scale": 0.9,
          "exact_trace_equal_to_oracle": true,
          "numeric_trace_equal_to_oracle": true,
          "maximum_trace_abs_difference": 0.0,
          "component_max_abs_difference": {
            "physics": 0.0,
            "main_issued": 0.0,
            "main_applied": 0.0,
            "original_main_issued": 0.0,
            "preview_issued": 0.0,
            "preview_applied": 0.0,
            "terminal_issued": 0.0,
            "terminal_applied": 0.0
          },
          "calibrated_combined_margin": 0.0934631933333333,
          "oracle_combined_margin": 0.0934631933333333
        },
        {
          "target_id": "nominal",
          "actual_delay_steps": 2,
          "actual_slew_scale": 0.9,
          "exact_trace_equal_to_oracle": true,
          "numeric_trace_equal_to_oracle": true,
          "maximum_trace_abs_difference": 0.0,
          "component_max_abs_difference": {
            "physics": 0.0,
            "main_issued": 0.0,
            "main_applied": 0.0,
            "original_main_issued": 0.0,
            "preview_issued": 0.0,
            "preview_applied": 0.0,
            "terminal_issued": 0.0,
            "terminal_applied": 0.0
          },
          "calibrated_combined_margin": 0.2717044066666666,
          "oracle_combined_margin": 0.2717044066666666
        },
        {
          "target_id": "RZ_p10_m10",
          "actual_delay_steps": 2,
          "actual_slew_scale": 0.9,
          "exact_trace_equal_to_oracle": true,
          "numeric_trace_equal_to_oracle": true,
          "maximum_trace_abs_difference": 0.0,
          "component_max_abs_difference": {
            "physics": 0.0,
            "main_issued": 0.0,
            "main_applied": 0.0,
            "original_main_issued": 0.0,
            "preview_issued": 0.0,
            "preview_applied": 0.0,
            "terminal_issued": 0.0,
            "terminal_applied": 0.0
          },
          "calibrated_combined_margin": 0.039997189999999905,
          "oracle_combined_margin": 0.039997189999999905
        },
        {
          "target_id": "nominal",
          "actual_delay_steps": 0,
          "actual_slew_scale": 1.0,
          "exact_trace_equal_to_oracle": true,
          "numeric_trace_equal_to_oracle": true,
          "maximum_trace_abs_difference": 0.0,
          "component_max_abs_difference": {
            "physics": 0.0,
            "main_issued": 0.0,
            "main_applied": 0.0,
            "original_main_issued": 0.0,
            "preview_issued": 0.0,
            "preview_applied": 0.0,
            "terminal_issued": 0.0,
            "terminal_applied": 0.0
          },
          "calibrated_combined_margin": 0.3569517733333333,
          "oracle_combined_margin": 0.3569517733333333
        },
        {
          "target_id": "RZ_p10_m10",
          "actual_delay_steps": 0,
          "actual_slew_scale": 1.0,
          "exact_trace_equal_to_oracle": true,
          "numeric_trace_equal_to_oracle": true,
          "maximum_trace_abs_difference": 0.0,
          "component_max_abs_difference": {
            "physics": 0.0,
            "main_issued": 0.0,
            "main_applied": 0.0,
            "original_main_issued": 0.0,
            "preview_issued": 0.0,
            "preview_applied": 0.0,
            "terminal_issued": 0.0,
            "terminal_applied": 0.0
          },
          "calibrated_combined_margin": 0.07270025999999985,
          "oracle_combined_margin": 0.07270025999999985
        },
        {
          "target_id": "nominal",
          "actual_delay_steps": 1,
          "actual_slew_scale": 1.0,
          "exact_trace_equal_to_oracle": true,
          "numeric_trace_equal_to_oracle": true,
          "maximum_trace_abs_difference": 0.0,
          "component_max_abs_difference": {
            "physics": 0.0,
            "main_issued": 0.0,
            "main_applied": 0.0,
            "original_main_issued": 0.0,
            "preview_issued": 0.0,
            "preview_applied": 0.0,
            "terminal_issued": 0.0,
            "terminal_applied": 0.0
          },
          "calibrated_combined_margin": 0.06975216522157635,
          "oracle_combined_margin": 0.06975216522157635
        },
        {
          "target_id": "RZ_p10_m10",
          "actual_delay_steps": 1,
          "actual_slew_scale": 1.0,
          "exact_trace_equal_to_oracle": true,
          "numeric_trace_equal_to_oracle": true,
          "maximum_trace_abs_difference": 0.0,
          "component_max_abs_difference": {
            "physics": 0.0,
            "main_issued": 0.0,
            "main_applied": 0.0,
            "original_main_issued": 0.0,
            "preview_issued": 0.0,
            "preview_applied": 0.0,
            "terminal_issued": 0.0,
            "terminal_applied": 0.0
          },
          "calibrated_combined_margin": 0.10125290000000009,
          "oracle_combined_margin": 0.10125290000000009
        },
        {
          "target_id": "nominal",
          "actual_delay_steps": 2,
          "actual_slew_scale": 1.0,
          "exact_trace_equal_to_oracle": true,
          "numeric_trace_equal_to_oracle": true,
          "maximum_trace_abs_difference": 0.0,
          "component_max_abs_difference": {
            "physics": 0.0,
            "main_issued": 0.0,
            "main_applied": 0.0,
            "original_main_issued": 0.0,
            "preview_issued": 0.0,
            "preview_applied": 0.0,
            "terminal_issued": 0.0,
            "terminal_applied": 0.0
          },
          "calibrated_combined_margin": 0.20114991459504328,
          "oracle_combined_margin": 0.20114991459504328
        },
        {
          "target_id": "RZ_p10_m10",
          "actual_delay_steps": 2,
          "actual_slew_scale": 1.0,
          "exact_trace_equal_to_oracle": true,
          "numeric_trace_equal_to_oracle": true,
          "maximum_trace_abs_difference": 0.0,
          "component_max_abs_difference": {
            "physics": 0.0,
            "main_issued": 0.0,
            "main_applied": 0.0,
            "original_main_issued": 0.0,
            "preview_issued": 0.0,
            "preview_applied": 0.0,
            "terminal_issued": 0.0,
            "terminal_applied": 0.0
          },
          "calibrated_combined_margin": 0.12226526999999998,
          "oracle_combined_margin": 0.12226526999999998
        },
        {
          "target_id": "nominal",
          "actual_delay_steps": 0,
          "actual_slew_scale": 1.1,
          "exact_trace_equal_to_oracle": true,
          "numeric_trace_equal_to_oracle": true,
          "maximum_trace_abs_difference": 0.0,
          "component_max_abs_difference": {
            "physics": 0.0,
            "main_issued": 0.0,
            "main_applied": 0.0,
            "original_main_issued": 0.0,
            "preview_issued": 0.0,
            "preview_applied": 0.0,
            "terminal_issued": 0.0,
            "terminal_applied": 0.0
          },
          "calibrated_combined_margin": 0.36659179333333336,
          "oracle_combined_margin": 0.36659179333333336
        },
        {
          "target_id": "RZ_p10_m10",
          "actual_delay_steps": 0,
          "actual_slew_scale": 1.1,
          "exact_trace_equal_to_oracle": true,
          "numeric_trace_equal_to_oracle": true,
          "maximum_trace_abs_difference": 0.0,
          "component_max_abs_difference": {
            "physics": 0.0,
            "main_issued": 0.0,
            "main_applied": 0.0,
            "original_main_issued": 0.0,
            "preview_issued": 0.0,
            "preview_applied": 0.0,
            "terminal_issued": 0.0,
            "terminal_applied": 0.0
          },
          "calibrated_combined_margin": 0.07617957666666653,
          "oracle_combined_margin": 0.07617957666666653
        },
        {
          "target_id": "nominal",
          "actual_delay_steps": 1,
          "actual_slew_scale": 1.1,
          "exact_trace_equal_to_oracle": true,
          "numeric_trace_equal_to_oracle": true,
          "maximum_trace_abs_difference": 0.0,
          "component_max_abs_difference": {
            "physics": 0.0,
            "main_issued": 0.0,
            "main_applied": 0.0,
            "original_main_issued": 0.0,
            "preview_issued": 0.0,
            "preview_applied": 0.0,
            "terminal_issued": 0.0,
            "terminal_applied": 0.0
          },
          "calibrated_combined_margin": 0.06596020273119285,
          "oracle_combined_margin": 0.06596020273119285
        },
        {
          "target_id": "RZ_p10_m10",
          "actual_delay_steps": 1,
          "actual_slew_scale": 1.1,
          "exact_trace_equal_to_oracle": true,
          "numeric_trace_equal_to_oracle": true,
          "maximum_trace_abs_difference": 0.0,
          "component_max_abs_difference": {
            "physics": 0.0,
            "main_issued": 0.0,
            "main_applied": 0.0,
            "original_main_issued": 0.0,
            "preview_issued": 0.0,
            "preview_applied": 0.0,
            "terminal_issued": 0.0,
            "terminal_applied": 0.0
          },
          "calibrated_combined_margin": 0.08121970666666656,
          "oracle_combined_margin": 0.08121970666666656
        },
        {
          "target_id": "nominal",
          "actual_delay_steps": 2,
          "actual_slew_scale": 1.1,
          "exact_trace_equal_to_oracle": true,
          "numeric_trace_equal_to_oracle": true,
          "maximum_trace_abs_difference": 0.0,
          "component_max_abs_difference": {
            "physics": 0.0,
            "main_issued": 0.0,
            "main_applied": 0.0,
            "original_main_issued": 0.0,
            "preview_issued": 0.0,
            "preview_applied": 0.0,
            "terminal_issued": 0.0,
            "terminal_applied": 0.0
          },
          "calibrated_combined_margin": 0.19638284488106772,
          "oracle_combined_margin": 0.19638284488106772
        },
        {
          "target_id": "RZ_p10_m10",
          "actual_delay_steps": 2,
          "actual_slew_scale": 1.1,
          "exact_trace_equal_to_oracle": true,
          "numeric_trace_equal_to_oracle": true,
          "maximum_trace_abs_difference": 0.0,
          "component_max_abs_difference": {
            "physics": 0.0,
            "main_issued": 0.0,
            "main_applied": 0.0,
            "original_main_issued": 0.0,
            "preview_issued": 0.0,
            "preview_applied": 0.0,
            "terminal_issued": 0.0,
            "terminal_applied": 0.0
          },
          "calibrated_combined_margin": 0.12467107666666655,
          "oracle_combined_margin": 0.12467107666666655
        }
      ],
      "passed": true
    },
    "restart_audit": {
      "schema_version": 1,
      "stage": "Stage4.1R10",
      "phase": "restart_audit",
      "candidate_folders": [
        "1080ms",
        "1090ms",
        "1110ms",
        "1120ms"
      ],
      "available_folders": [],
      "true_restart_validation_available": false,
      "true_restart_validation_performed": false,
      "availability_requirement_for_stage4_1r10": false,
      "audit_completed": true,
      "passed": true
    }
  }
}
