[Stage4.1R14] user=yangshen0711 host=master pwd=/home/yangshen0711/tsc_all/tsc_rzip_rllib
[Stage4.1R14] source_stage4_1r13_run=/home/yangshen0711/tsc_all/tsc_rzip_rllib/stage4_1r13_runs/stage4_1r13_original_deadline_delay_pipeline_early_braking_20260729_044403
[Stage4.1R14] run_dir=/home/yangshen0711/tsc_all/tsc_rzip_rllib/stage4_1r14_runs/stage4_1r14_original_deadline_integrated_target_conditioned_deadline_mpc_20260729_065749
[Stage4.1R14] config=/home/yangshen0711/tsc_all/tsc_rzip_rllib/configs/stage4_1r14_original_deadline_integrated_target_conditioned_deadline_mpc_370ms.json
[Stage4.1R14] command=all backend=ray resume=0 workers=128
[Stage4.1R14] python=/home/yangshen0711/tsc_all/tsc_simulation/venv_simu/bin/python RAY_TMPDIR=/tmp/stage4_1r14_1120
[Stage4.1R14] Formal timing is immutable: slew 1.0/1.1 arrives by 250 ms and holds through 350 ms; slew 0.9 arrives by 270 ms and holds through 370 ms.
[Stage4.1R14] R13 ran correctly but its scalar onset scan handed off to a zero-nominal, reset-integral residual regulator; RZ_p10_m10 failed 7/7 for each delay while the first two software correction modes were frequently bounded.
[Stage4.1R14] The first physical effect is fixed at state 23; no onset or horizon is rescanned. The target-conditioned Stage3.4 nominal trajectory/feedforward and checkpoint integral are retained.
[Stage4.1R14] Only an explicit state-24--27 velocity-weight multiplier and bounded software correction scale are compared inside the same delay-aware 175x105 MPC.
[Stage4.1R14] Both required targets participate in finite-grid selection; no unseen-target generalization is claimed. The fourteen already-passing paths remain source-exact and are not rerun.
[Stage4.1R14] No arrival deadline, scoring horizon, 30 mm gate, 0.1 m/s gate, or Ip gate is relaxed. R10/R11 long horizons remain diagnostics only; Stage4.2R1 was not run or reused.
[Stage4.1R14] Final task remains causal safe arrival, deceleration, disturbance recovery and long hold across initial states, hidden vessel/eddy histories, targets, continuous plant/actuator changes, noise and unknown delay.
2026-07-29 14:57:56,429	INFO worker.py:2012 -- Started a local Ray instance.
/home/yangshen0711/tsc_all/tsc_simulation/venv_simu/lib/python3.12/site-packages/ray/_private/worker.py:2051: FutureWarning: Tip: In future versions of Ray, Ray will no longer override accelerator visible devices env var if num_gpus=0 or num_gpus=None (default). To enable this behavior and turn off this error message, set RAY_ACCEL_ENV_VAR_OVERRIDE_ON_ZERO=0
  warnings.warn(
[Stage4.1R14 integrated-deadline-mpc] ray_capacity requested=128 cluster_cpus=128 pending=24 actors=24 initialized_now=1
[Stage4.1R14 integrated-deadline-mpc] waiting 0/24
[Stage4.1R14 integrated-deadline-mpc] waiting 0/24
[Stage4.1R14 integrated-deadline-mpc] waiting 0/24
[Stage4.1R14 integrated-deadline-mpc] waiting 0/24
[Stage4.1R14 integrated-deadline-mpc] waiting 0/24
[Stage4.1R14 integrated-deadline-mpc] waiting 0/24
[Stage4.1R14 integrated-deadline-mpc] waiting 0/24
[Stage4.1R14 integrated-deadline-mpc] waiting 0/24
[Stage4.1R14 integrated-deadline-mpc] waiting 0/24
[Stage4.1R14 integrated-deadline-mpc] waiting 0/24
[Stage4.1R14 integrated-deadline-mpc] waiting 0/24
[Stage4.1R14 integrated-deadline-mpc] waiting 0/24
[Stage4.1R14 integrated-deadline-mpc] waiting 0/24
[Stage4.1R14 integrated-deadline-mpc] waiting 0/24
[Stage4.1R14 integrated-deadline-mpc] waiting 0/24
[Stage4.1R14 integrated-deadline-mpc] waiting 0/24
[Stage4.1R14 integrated-deadline-mpc] waiting 0/24
[Stage4.1R14 integrated-deadline-mpc] waiting 0/24
[Stage4.1R14 integrated-deadline-mpc] 10/24
[Stage4.1R14 integrated-deadline-mpc] 20/24
[Stage4.1R14 integrated-deadline-mpc] 24/24
{
  "arrival_deadline_expanded": false,
  "checkpoint_integral_preserved": true,
  "continuous_parameter_change_validated": false,
  "created_utc": "20260729_070749",
  "deadline_velocity_states": [
    24,
    25,
    26,
    27
  ],
  "deployment_robustness_validated": false,
  "final_task": "robust causal control across initial states, targets, hidden dynamics, plant uncertainty, noise, and delay",
  "finite_test_envelope_only": true,
  "fixed_first_affected_state_step": 23,
  "formal_combined_case_count": 18,
  "formal_timing_contract_restored": false,
  "modified_case_count": 4,
  "next_if_fail": "Do not enlarge the 250/270 ms deadlines and do not scan another scalar handoff time. Use the complete R13/R14 causal raw bank to identify a bounded early-braking local model and formulate one constrained delay-pipeline-aware main MPC with an explicit deadline-speed constraint. Do not add another late tail and do not hand 14-coil control to RL.",
  "next_if_pass": "Freeze the original-deadline finite static-grid MPC expert and proceed to true restart and hidden vessel/eddy-history validation. Do not reinterpret R10/R11 late-arrival trajectories as the timing contract and do not start BC/DAgger/RL yet.",
  "normal_slew_arrival_deadline_ms": 250,
  "normal_slew_controller_changed": false,
  "normal_slew_hold_through_ms": 350,
  "onset_rescanned": false,
  "phases": {
    "calibrated_confirmation": {},
    "formal_grid_confirmation": {},
    "oracle_development": {
      "arrival_deadline_expanded": false,
      "candidate_selection_uses_both_required_targets": true,
      "candidate_summaries": [
        {
          "actual_delay_steps": 1,
          "all_checkpoint_integrals_preserved": true,
          "all_no_future_measurement": true,
          "all_prefix_guards_pass": true,
          "all_streaming_queues_consistent": true,
          "all_target_conditioned_nominal_retained": true,
          "controller_scale": 0.5,
          "deadline_velocity_weight_multiplier": 1.0,
          "expected_rollouts": 2,
          "fixed_first_affected_state_step": 23,
          "maximum_any_mode_bound_fraction": 0.5,
          "maximum_terminal_speed_m_per_s": 0.12268468816390699,
          "mean_action_rms": 0.2854091329941879,
          "mean_formal_signed_margin": -0.1583519145257768,
          "minimum_formal_signed_margin": -0.22684688163906985,
          "n_rollouts": 2,
          "passed": false,
          "policy_id": "itc_vw1_c0p50",
          "target_coverage_complete": true,
          "target_pass_fraction": 0.0
        },
        {
          "actual_delay_steps": 1,
          "all_checkpoint_integrals_preserved": true,
          "all_no_future_measurement": true,
          "all_prefix_guards_pass": true,
          "all_streaming_queues_consistent": true,
          "all_target_conditioned_nominal_retained": true,
          "controller_scale": 0.5,
          "deadline_velocity_weight_multiplier": 3.0,
          "expected_rollouts": 2,
          "fixed_first_affected_state_step": 23,
          "maximum_any_mode_bound_fraction": 0.5,
          "maximum_terminal_speed_m_per_s": 0.1237875071968492,
          "mean_action_rms": 0.2853445344768163,
          "mean_formal_signed_margin": -0.18090800230051407,
          "minimum_formal_signed_margin": -0.2378750719684919,
          "n_rollouts": 2,
          "passed": false,
          "policy_id": "itc_vw3_c0p50",
          "target_coverage_complete": true,
          "target_pass_fraction": 0.0
        },
        {
          "actual_delay_steps": 1,
          "all_checkpoint_integrals_preserved": true,
          "all_no_future_measurement": true,
          "all_prefix_guards_pass": true,
          "all_streaming_queues_consistent": true,
          "all_target_conditioned_nominal_retained": true,
          "controller_scale": 0.5,
          "deadline_velocity_weight_multiplier": 6.0,
          "expected_rollouts": 2,
          "fixed_first_affected_state_step": 23,
          "maximum_any_mode_bound_fraction": 0.5,
          "maximum_terminal_speed_m_per_s": 0.1235326684904861,
          "mean_action_rms": 0.2853630009087378,
          "mean_formal_signed_margin": -0.17805606359758863,
          "minimum_formal_signed_margin": -0.23532668490486097,
          "n_rollouts": 2,
          "passed": false,
          "policy_id": "itc_vw6_c0p50",
          "target_coverage_complete": true,
          "target_pass_fraction": 0.0
        },
        {
          "actual_delay_steps": 1,
          "all_checkpoint_integrals_preserved": true,
          "all_no_future_measurement": true,
          "all_prefix_guards_pass": true,
          "all_streaming_queues_consistent": true,
          "all_target_conditioned_nominal_retained": true,
          "controller_scale": 0.5,
          "deadline_velocity_weight_multiplier": 10.0,
          "expected_rollouts": 2,
          "fixed_first_affected_state_step": 23,
          "maximum_any_mode_bound_fraction": 0.5,
          "maximum_terminal_speed_m_per_s": 0.12336827206180082,
          "mean_action_rms": 0.28539331297104675,
          "mean_formal_signed_margin": -0.17574002640503872,
          "minimum_formal_signed_margin": -0.2336827206180081,
          "n_rollouts": 2,
          "passed": false,
          "policy_id": "itc_vw10_c0p50",
          "target_coverage_complete": true,
          "target_pass_fraction": 0.0
        },
        {
          "actual_delay_steps": 1,
          "all_checkpoint_integrals_preserved": true,
          "all_no_future_measurement": true,
          "all_prefix_guards_pass": true,
          "all_streaming_queues_consistent": true,
          "all_target_conditioned_nominal_retained": true,
          "controller_scale": 0.6,
          "deadline_velocity_weight_multiplier": 6.0,
          "expected_rollouts": 2,
          "fixed_first_affected_state_step": 23,
          "maximum_any_mode_bound_fraction": 0.5,
          "maximum_terminal_speed_m_per_s": 0.12442108658664705,
          "mean_action_rms": 0.2853114668883162,
          "mean_formal_signed_margin": -0.186615905781223,
          "minimum_formal_signed_margin": -0.24421086586647034,
          "n_rollouts": 2,
          "passed": false,
          "policy_id": "itc_vw6_c0p60",
          "target_coverage_complete": true,
          "target_pass_fraction": 0.0
        },
        {
          "actual_delay_steps": 1,
          "all_checkpoint_integrals_preserved": true,
          "all_no_future_measurement": true,
          "all_prefix_guards_pass": true,
          "all_streaming_queues_consistent": true,
          "all_target_conditioned_nominal_retained": true,
          "controller_scale": 0.6,
          "deadline_velocity_weight_multiplier": 10.0,
          "expected_rollouts": 2,
          "fixed_first_affected_state_step": 23,
          "maximum_any_mode_bound_fraction": 0.5,
          "maximum_terminal_speed_m_per_s": 0.12429539025808321,
          "mean_action_rms": 0.28534256003910413,
          "mean_formal_signed_margin": -0.18672970499572417,
          "minimum_formal_signed_margin": -0.24295390258083205,
          "n_rollouts": 2,
          "passed": false,
          "policy_id": "itc_vw10_c0p60",
          "target_coverage_complete": true,
          "target_pass_fraction": 0.0
        },
        {
          "actual_delay_steps": 2,
          "all_checkpoint_integrals_preserved": true,
          "all_no_future_measurement": true,
          "all_prefix_guards_pass": true,
          "all_streaming_queues_consistent": true,
          "all_target_conditioned_nominal_retained": true,
          "controller_scale": 0.5,
          "deadline_velocity_weight_multiplier": 1.0,
          "expected_rollouts": 2,
          "fixed_first_affected_state_step": 23,
          "maximum_any_mode_bound_fraction": 0.4,
          "maximum_terminal_speed_m_per_s": 0.12423671032697112,
          "mean_action_rms": 0.28772089323912164,
          "mean_formal_signed_margin": -0.16827231919193453,
          "minimum_formal_signed_margin": -0.242367103269711,
          "n_rollouts": 2,
          "passed": false,
          "policy_id": "itc_vw1_c0p50",
          "target_coverage_complete": true,
          "target_pass_fraction": 0.0
        },
        {
          "actual_delay_steps": 2,
          "all_checkpoint_integrals_preserved": true,
          "all_no_future_measurement": true,
          "all_prefix_guards_pass": true,
          "all_streaming_queues_consistent": true,
          "all_target_conditioned_nominal_retained": true,
          "controller_scale": 0.5,
          "deadline_velocity_weight_multiplier": 3.0,
          "expected_rollouts": 2,
          "fixed_first_affected_state_step": 23,
          "maximum_any_mode_bound_fraction": 0.4666666666666667,
          "maximum_terminal_speed_m_per_s": 0.12732976034711646,
          "mean_action_rms": 0.28763212160714924,
          "mean_formal_signed_margin": -0.20675393067824377,
          "minimum_formal_signed_margin": -0.2732976034711645,
          "n_rollouts": 2,
          "passed": false,
          "policy_id": "itc_vw3_c0p50",
          "target_coverage_complete": true,
          "target_pass_fraction": 0.0
        },
        {
          "actual_delay_steps": 2,
          "all_checkpoint_integrals_preserved": true,
          "all_no_future_measurement": true,
          "all_prefix_guards_pass": true,
          "all_streaming_queues_consistent": true,
          "all_target_conditioned_nominal_retained": true,
          "controller_scale": 0.5,
          "deadline_velocity_weight_multiplier": 6.0,
          "expected_rollouts": 2,
          "fixed_first_affected_state_step": 23,
          "maximum_any_mode_bound_fraction": 0.4666666666666667,
          "maximum_terminal_speed_m_per_s": 0.12736012552332424,
          "mean_action_rms": 0.287642332014036,
          "mean_formal_signed_margin": -0.21074338947511384,
          "minimum_formal_signed_margin": -0.2736012552332423,
          "n_rollouts": 2,
          "passed": false,
          "policy_id": "itc_vw6_c0p50",
          "target_coverage_complete": true,
          "target_pass_fraction": 0.0
        },
        {
          "actual_delay_steps": 2,
          "all_checkpoint_integrals_preserved": true,
          "all_no_future_measurement": true,
          "all_prefix_guards_pass": true,
          "all_streaming_queues_consistent": true,
          "all_target_conditioned_nominal_retained": true,
          "controller_scale": 0.5,
          "deadline_velocity_weight_multiplier": 10.0,
          "expected_rollouts": 2,
          "fixed_first_affected_state_step": 23,
          "maximum_any_mode_bound_fraction": 0.4666666666666667,
          "maximum_terminal_speed_m_per_s": 0.12743493028718908,
          "mean_action_rms": 0.2876621030979836,
          "mean_formal_signed_margin": -0.20980979671031685,
          "minimum_formal_signed_margin": -0.27434930287189063,
          "n_rollouts": 2,
          "passed": false,
          "policy_id": "itc_vw10_c0p50",
          "target_coverage_complete": true,
          "target_pass_fraction": 0.0
        },
        {
          "actual_delay_steps": 2,
          "all_checkpoint_integrals_preserved": true,
          "all_no_future_measurement": true,
          "all_prefix_guards_pass": true,
          "all_streaming_queues_consistent": true,
          "all_target_conditioned_nominal_retained": true,
          "controller_scale": 0.6,
          "deadline_velocity_weight_multiplier": 6.0,
          "expected_rollouts": 2,
          "fixed_first_affected_state_step": 23,
          "maximum_any_mode_bound_fraction": 0.4,
          "maximum_terminal_speed_m_per_s": 0.13071739776132335,
          "mean_action_rms": 0.2876291798627729,
          "mean_formal_signed_margin": -0.22990130518897067,
          "minimum_formal_signed_margin": -0.3071739776132334,
          "n_rollouts": 2,
          "passed": false,
          "policy_id": "itc_vw6_c0p60",
          "target_coverage_complete": true,
          "target_pass_fraction": 0.0
        },
        {
          "actual_delay_steps": 2,
          "all_checkpoint_integrals_preserved": true,
          "all_no_future_measurement": true,
          "all_prefix_guards_pass": true,
          "all_streaming_queues_consistent": true,
          "all_target_conditioned_nominal_retained": true,
          "controller_scale": 0.6,
          "deadline_velocity_weight_multiplier": 10.0,
          "expected_rollouts": 2,
          "fixed_first_affected_state_step": 23,
          "maximum_any_mode_bound_fraction": 0.4,
          "maximum_terminal_speed_m_per_s": 0.1307120654441145,
          "mean_action_rms": 0.28766043512128703,
          "mean_formal_signed_margin": -0.2317704981250175,
          "minimum_formal_signed_margin": -0.3071206544411451,
          "n_rollouts": 2,
          "passed": false,
          "policy_id": "itc_vw10_c0p60",
          "target_coverage_complete": true,
          "target_pass_fraction": 0.0
        }
      ],
      "coverage_complete": true,
      "deadline_velocity_states": [
        24,
        25,
        26,
        27
      ],
      "expected_rollouts": 24,
      "fixed_first_effect_step": 23,
      "formal_arrival_deadline_step": 27,
      "formal_hold_through_step": 37,
      "n_rollouts": 24,
      "onset_rescanned": false,
      "passed": false,
      "phase": "oracle_development",
      "required_targets": [
        "nominal",
        "RZ_p10_m10"
      ],
      "schema_version": 1,
      "selected_policy_by_delay": {},
      "selected_summaries": [],
      "selection_conditioned_only_on_trusted_delay": true,
      "stage": "Stage4.1R14",
      "unseen_target_holdout_claimed": false
    },
    "restart_audit": {
      "audit_completed": true,
      "availability_requirement_for_stage4_1r14": false,
      "available_folders": [],
      "candidate_folders": [
        "1080ms",
        "1090ms",
        "1110ms",
        "1120ms"
      ],
      "passed": true,
      "phase": "restart_audit",
      "schema_version": 1,
      "simulation_root": "/home/yangshen0711/tsc_all/tsc_simulation/HH70-PCS-ENV-LOW-FIELD-SIDE-118",
      "stage": "Stage4.1R14",
      "stage4_2r1_was_not_run_or_reused": true,
      "true_restart_validation_available": false,
      "true_restart_validation_performed": false
    },
    "source_audit": {
      "all_checkpoint_integrals_nonzero": true,
      "all_failures_limited_by_endpoint_late_speed": true,
      "checkpoint_integral_was_reset": true,
      "environment_success_count": 28,
      "failure_reason_count": 0,
      "formal_timing_contract_unchanged": true,
      "global_minimax_first_effect_state": 23,
      "global_minimax_margin": -0.08573530759636228,
      "interpretation": "R13 ran correctly and found state 23 as the best onset. Nominal has passing candidates, but RZ has none. The handoff discarded the target-conditioned Stage3.4 nominal plan and reset a nonzero integral state; the first two residual modes then spent most steps at software correction bounds while physical current utilization stayed near 41%. R14 must restore the target-conditioned expert and add an explicit deadline-speed objective rather than scan another onset.",
      "maximum_current_utilization": 0.41195,
      "nominal_delay1_pass_count": 2,
      "nominal_delay2_pass_count": 5,
      "passed": true,
      "phase": "source_audit",
      "r11_2000ms_remains_auxiliary_only": true,
      "raw_rollouts": 28,
      "rz_delay1_pass_count": 0,
      "rz_delay2_pass_count": 0,
      "rz_state23_any_mode_bound_fraction": {
        "1": 0.875,
        "2": 0.7647058823529411
      },
      "schema_version": 1,
      "source_stage4_1r13_run": "/home/yangshen0711/tsc_all/tsc_rzip_rllib/stage4_1r13_runs/stage4_1r13_original_deadline_delay_pipeline_early_braking_20260729_044403",
      "stage": "Stage4.1R14",
      "stage4_2r1_was_not_run_or_reused": true,
      "target_conditioned_nominal_was_discarded": true,
      "unique_experiment_ids": 28
    }
  },
  "plant_parameter_robustness_validated": false,
  "primary_pass": false,
  "schema_version": 1,
  "selected_policy_by_delay": {},
  "selection_conditioned_only_on_trusted_delay": true,
  "selection_used_both_required_targets": true,
  "source_r11_long_hold_retained_as_diagnostic_only": true,
  "source_stage4_1r12_run": "/home/yangshen0711/tsc_all/tsc_rzip_rllib/stage4_1r12_runs/stage4_1r12_original_deadline_weak_slew_anticipatory_damping_20260729_022502",
  "source_stage4_1r13_run": "/home/yangshen0711/tsc_all/tsc_rzip_rllib/stage4_1r13_runs/stage4_1r13_original_deadline_delay_pipeline_early_braking_20260729_044403",
  "stage": "Stage4.1R14",
  "stage4_2r1_was_not_run_or_reused": true,
  "target_conditioned_nominal_retained": true,
  "terminal_measurement_noise_robustness_validated": false,
  "true_restart_validation_available": false,
  "true_restart_validation_performed": false,
  "trusted_calibration_required": true,
  "unchanged_source_case_count": 14,
  "unseen_hidden_state_robustness_validated": false,
  "unseen_target_generalization_validated": false,
  "verdict": "STAGE4_1R14_ORIGINAL_DEADLINE_INTEGRATED_MPC_INCOMPLETE",
  "weak_slew_arrival_deadline_ms": 270,
  "weak_slew_delay0_controller_changed": false,
  "weak_slew_hold_through_ms": 370
}
