[Stage4.1R9] user=yangshen0711 host=master pwd=/home/yangshen0711/tsc_all/tsc_rzip_rllib
[Stage4.1R9] source_stage4_1r8_run=/home/yangshen0711/tsc_all/tsc_rzip_rllib/stage4_1r8_runs/stage4_1r8_trusted_batch_calibration_queue_tail_closure_20260728_000014
[Stage4.1R9] run_dir=/home/yangshen0711/tsc_all/tsc_rzip_rllib/stage4_1r9_runs/stage4_1r9_terminal_template_mpc_feedback_hold_20260728_020206
[Stage4.1R9] config=/home/yangshen0711/tsc_all/tsc_rzip_rllib/configs/stage4_1r9_terminal_template_mpc_feedback_hold_550ms.json
[Stage4.1R9] command=all backend=ray resume=0 workers=128
[Stage4.1R9] python=/home/yangshen0711/tsc_all/tsc_simulation/venv_simu/bin/python RAY_TMPDIR=/tmp/stage4_1r9_1120
[Stage4.1R9] The first 350 ms MPC/observer/library/Jacobian are frozen. Only the failed open-loop tail is replaced by continuously streaming delay-aware terminal feedback.
[Stage4.1R9] Candidate selection uses nominal only; RZ_p10_m10 is a disjoint holdout. Untrusted calibration cannot start control and no online handover is used.
[Stage4.1R9] This remains a finite clean-measurement digital-twin test, not true restart, plant-mismatch, continuous-parameter, or deployment validation.
[Stage4.1R9] Final task remains causal safe arrival, deceleration, disturbance recovery and long hold across hidden histories, targets, continuous plant/actuator changes, noise and unknown delay.
2026-07-28 10:02:13,283	INFO worker.py:2012 -- Started a local Ray instance.
/home/yangshen0711/tsc_all/tsc_simulation/venv_simu/lib/python3.12/site-packages/ray/_private/worker.py:2051: FutureWarning: Tip: In future versions of Ray, Ray will no longer override accelerator visible devices env var if num_gpus=0 or num_gpus=None (default). To enable this behavior and turn off this error message, set RAY_ACCEL_ENV_VAR_OVERRIDE_ON_ZERO=0
  warnings.warn(
[Stage4.1R9 mixed-variant] ray_capacity requested=128 cluster_cpus=128 pending=54 actors=54 initialized_now=1
[Stage4.1R9 mixed-variant] actor_allocation={"slew_0p900_h55":18,"slew_1p000_h55":18,"slew_1p100_h55":18}
[Stage4.1R9 mixed-variant] waiting 0/54
[Stage4.1R9 mixed-variant] waiting 0/54
[Stage4.1R9 mixed-variant] waiting 0/54
[Stage4.1R9 mixed-variant] waiting 0/54
[Stage4.1R9 mixed-variant] waiting 0/54
[Stage4.1R9 mixed-variant] waiting 0/54
[Stage4.1R9 mixed-variant] waiting 0/54
[Stage4.1R9 mixed-variant] waiting 0/54
[Stage4.1R9 mixed-variant] waiting 0/54
[Stage4.1R9 mixed-variant] waiting 0/54
[Stage4.1R9 mixed-variant] waiting 0/54
[Stage4.1R9 mixed-variant] waiting 0/54
[Stage4.1R9 mixed-variant] waiting 0/54
[Stage4.1R9 mixed-variant] waiting 0/54
[Stage4.1R9 mixed-variant] waiting 0/54
[Stage4.1R9 mixed-variant] waiting 0/54
[Stage4.1R9 mixed-variant] waiting 0/54
[Stage4.1R9 mixed-variant] waiting 0/54
[Stage4.1R9 mixed-variant] waiting 0/54
[Stage4.1R9 mixed-variant] waiting 0/54
[Stage4.1R9 mixed-variant] waiting 0/54
[Stage4.1R9 mixed-variant] waiting 0/54
[Stage4.1R9 mixed-variant] waiting 0/54
[Stage4.1R9 mixed-variant] waiting 0/54
[Stage4.1R9 mixed-variant] waiting 0/54
[Stage4.1R9 mixed-variant] waiting 0/54
[Stage4.1R9 mixed-variant] waiting 0/54
[Stage4.1R9 mixed-variant] waiting 0/54
[Stage4.1R9 mixed-variant] waiting 0/54
[Stage4.1R9 mixed-variant] waiting 0/54
[Stage4.1R9 mixed-variant] waiting 0/54
[Stage4.1R9 mixed-variant] waiting 0/54
[Stage4.1R9 mixed-variant] waiting 0/54
[Stage4.1R9 mixed-variant] 10/54
[Stage4.1R9 mixed-variant] 20/54
[Stage4.1R9 mixed-variant] 30/54
[Stage4.1R9 mixed-variant] 40/54
[Stage4.1R9 mixed-variant] 50/54
[Stage4.1R9 mixed-variant] 54/54
Traceback (most recent call last):
  File "/home/yangshen0711/tsc_all/tsc_rzip_rllib/scripts/stage4_1r9_terminal_template_mpc_feedback_hold.py", line 5, in <module>
    main()
  File "/home/yangshen0711/tsc_all/tsc_rzip_rllib/tsc_rzip_rllib/diagnostics/stage4_1r9_terminal_template_mpc_feedback_hold.py", line 3118, in main
    payload = execute(
              ^^^^^^^^
  File "/home/yangshen0711/tsc_all/tsc_rzip_rllib/tsc_rzip_rllib/diagnostics/stage4_1r9_terminal_template_mpc_feedback_hold.py", line 2961, in execute
    development = run_oracle_development(
                  ^^^^^^^^^^^^^^^^^^^^^^^
  File "/home/yangshen0711/tsc_all/tsc_rzip_rllib/tsc_rzip_rllib/diagnostics/stage4_1r9_terminal_template_mpc_feedback_hold.py", line 2288, in run_oracle_development
    feedback_result_row(ctx, result, phase="oracle_development")
  File "/home/yangshen0711/tsc_all/tsc_rzip_rllib/tsc_rzip_rllib/diagnostics/stage4_1r9_terminal_template_mpc_feedback_hold.py", line 1938, in feedback_result_row
    metrics = r8.tracking_metrics(ctx.r8_ctx, result, metric_policy)
              ^^^^^^^^^^^^^^^^^^^^^^^^^^^^^^^^^^^^^^^^^^^^^^^^^^^^^^
  File "/home/yangshen0711/tsc_all/tsc_rzip_rllib/tsc_rzip_rllib/diagnostics/stage4_1r8_trusted_batch_calibration_queue_tail_closure.py", line 1678, in tracking_metrics
    "gate_label": f"R8_{policy['policy_id']}_BY_{int(chosen['arrival_time_ms'])}MS_THROUGH_{horizon*10}MS",
                        ~~~~~~^^^^^^^^^^^^^
KeyError: 'policy_id'
