[Stage4.1R15] user=yangshen0711 host=master pwd=/home/yangshen0711/tsc_all/tsc_rzip_rllib
[Stage4.1R15] source_stage4_1r14_run=/home/yangshen0711/tsc_all/tsc_rzip_rllib/stage4_1r14_runs/stage4_1r14_original_deadline_integrated_target_conditioned_deadline_mpc_20260729_065749
[Stage4.1R15] run_dir=/home/yangshen0711/tsc_all/tsc_rzip_rllib/stage4_1r15_runs/stage4_1r15_bounded_early_braking_local_response_identification_20260729_085311
[Stage4.1R15] config=/home/yangshen0711/tsc_all/tsc_rzip_rllib/configs/stage4_1r15_bounded_early_braking_local_response_identification_370ms.json
[Stage4.1R15] command=all backend=ray resume=0 workers=128
[Stage4.1R15 R15a] Direct R14 source fingerprinting is active; nested R13 provenance is validated independently.
[Stage4.1R15] R14 ran normally but all 24 cases rebounded after state 34 and failed final speed; this is a model-horizon/tail-semantic problem, not a runtime failure.
[Stage4.1R15] R15 is identification-only: fit/cross-validate the bounded R13/R14 local response bank, then validate with 32 preregistered zero-net TSC probes.
[Stage4.1R15] No controller is selected, no formal closure is claimed, and the 250/350 and 270/370 ms timing contracts remain immutable.
[Stage4.1R15] R10/R11 long horizons remain auxiliary only; Stage4.2R1 was not run or reused; BC/DAgger/RL are not started.
[Stage4.1R15] Final task remains causal safe arrival, deceleration, disturbance recovery and long hold across initial states, hidden vessel/eddy histories, targets, continuous plant/actuator changes, noise and unknown delay.
2026-07-29 16:53:19,952	INFO worker.py:2012 -- Started a local Ray instance.
/home/yangshen0711/tsc_all/tsc_simulation/venv_simu/lib/python3.12/site-packages/ray/_private/worker.py:2051: FutureWarning: Tip: In future versions of Ray, Ray will no longer override accelerator visible devices env var if num_gpus=0 or num_gpus=None (default). To enable this behavior and turn off this error message, set RAY_ACCEL_ENV_VAR_OVERRIDE_ON_ZERO=0
  warnings.warn(
[Stage4.1R15 bounded-probe] ray_capacity requested=128 cluster_cpus=128 pending=32 actors=32 initialized_now=1
[Stage4.1R15 bounded-probe] waiting 0/32
[Stage4.1R15 bounded-probe] waiting 0/32
[Stage4.1R15 bounded-probe] waiting 0/32
[Stage4.1R15 bounded-probe] waiting 0/32
[Stage4.1R15 bounded-probe] waiting 0/32
[Stage4.1R15 bounded-probe] waiting 0/32
[Stage4.1R15 bounded-probe] waiting 0/32
[Stage4.1R15 bounded-probe] waiting 0/32
[Stage4.1R15 bounded-probe] waiting 0/32
[Stage4.1R15 bounded-probe] waiting 0/32
[Stage4.1R15 bounded-probe] waiting 0/32
[Stage4.1R15 bounded-probe] waiting 0/32
[Stage4.1R15 bounded-probe] waiting 0/32
[Stage4.1R15 bounded-probe] waiting 0/32
[Stage4.1R15 bounded-probe] waiting 0/32
[Stage4.1R15 bounded-probe] waiting 0/32
[Stage4.1R15 bounded-probe] waiting 0/32
[Stage4.1R15 bounded-probe] waiting 0/32
[Stage4.1R15 bounded-probe] waiting 0/32
[Stage4.1R15 bounded-probe] 10/32
[Stage4.1R15 bounded-probe] 20/32
[Stage4.1R15 bounded-probe] 30/32
[Stage4.1R15 bounded-probe] 32/32
{
  "arrival_deadline_expanded": false,
  "bounded_probe_validation_status": "failed",
  "continuous_parameter_change_validated": false,
  "created_utc": "20260729_090324",
  "deployment_robustness_validated": false,
  "final_task": "robust causal control across initial states, targets, hidden dynamics, plant uncertainty, noise, and delay",
  "finite_test_envelope_only": true,
  "formal_timing_contract_restored": false,
  "identification_only": true,
  "local_model_status": "passed",
  "next_if_fail": "Do not tune another scalar gain or extend time. Expand the identified observable state or collect a richer bounded probe basis before redesigning the controller.",
  "next_if_pass": "Use the validated bounded local model in Stage4.1R16 to formulate one explicit delay-pipeline-aware constrained MPC over states 23--37. Keep the 250/350 and 270/370 ms contracts unchanged and do not start BC/DAgger/RL.",
  "phases": {
    "bounded_probe_validation": {
      "coverage_complete": true,
      "environment_success_count": 32,
      "expected_rollouts": 32,
      "formal_timing_contract_restored": false,
      "formal_tracking_pass_required": false,
      "identification_only": true,
      "joint_pass_fraction": 0.96875,
      "maximum_central_symmetry_velocity_rmse_m_per_s": 0.0014043948375507278,
      "maximum_endpoint_late_speed_error_m_per_s": 0.002312767316888925,
      "maximum_final_speed_error_m_per_s": 0.00835043397426746,
      "maximum_ip_rmse_A": 12.549667200950637,
      "maximum_position_rmse_m": 0.0001890971491773114,
      "maximum_velocity_component_rmse_m_per_s": 0.0033010587602760834,
      "model_prediction_pass_fraction": 0.96875,
      "n_rollouts": 32,
      "passed": false,
      "phase": "bounded_probe_validation",
      "runtime_guard_pass_fraction": 1.0,
      "schema_version": 1,
      "stage": "Stage4.1R15"
    },
    "local_response_model": {
      "all_groups_cross_validated": true,
      "cross_validation_rows": [
        {
          "actual_delay_steps": 1,
          "endpoint_late_speed_error_m_per_s": 0.0019074763778429587,
          "final_speed_error_m_per_s": 0.0010972860511659231,
          "group_id": "RZ_p10_m10__d1",
          "ip_rmse_A": 12.564464500170052,
          "passed": true,
          "position_rmse_m": 0.0002657673193858998,
          "sample_count": 13,
          "target_id": "RZ_p10_m10",
          "velocity_component_rmse_m_per_s": 0.003237180655628756
        },
        {
          "actual_delay_steps": 2,
          "endpoint_late_speed_error_m_per_s": 0.0028222036538106264,
          "final_speed_error_m_per_s": 0.002440877614329138,
          "group_id": "RZ_p10_m10__d2",
          "ip_rmse_A": 12.544550799470892,
          "passed": true,
          "position_rmse_m": 0.0003120430562675613,
          "sample_count": 13,
          "target_id": "RZ_p10_m10",
          "velocity_component_rmse_m_per_s": 0.003798995114315945
        },
        {
          "actual_delay_steps": 1,
          "endpoint_late_speed_error_m_per_s": 0.002502018907548907,
          "final_speed_error_m_per_s": 0.0015870219938807562,
          "group_id": "nominal__d1",
          "ip_rmse_A": 12.824372727879265,
          "passed": true,
          "position_rmse_m": 0.00022433434698152538,
          "sample_count": 13,
          "target_id": "nominal",
          "velocity_component_rmse_m_per_s": 0.002731230924523728
        },
        {
          "actual_delay_steps": 2,
          "endpoint_late_speed_error_m_per_s": 0.002662743227252455,
          "final_speed_error_m_per_s": 0.0026042794820680913,
          "group_id": "nominal__d2",
          "ip_rmse_A": 13.38091524976974,
          "passed": true,
          "position_rmse_m": 0.00029627686791618146,
          "sample_count": 13,
          "target_id": "nominal",
          "velocity_component_rmse_m_per_s": 0.0036283823920898114
        }
      ],
      "deployment_model_claimed": false,
      "expected_group_count": 4,
      "group_count": 4,
      "group_sample_count": {
        "RZ_p10_m10__d1": 13,
        "RZ_p10_m10__d2": 13,
        "nominal__d1": 13,
        "nominal__d2": 13
      },
      "identification_only": true,
      "passed": true,
      "pca_rank": 6,
      "phase": "local_response_model",
      "ridge_lambda": 0.001,
      "schema_version": 1,
      "stage": "Stage4.1R15"
    },
    "source_audit": {
      "abnormal_rollout_count": 0,
      "beyond_horizon_feedforward_row_count": 36,
      "beyond_horizon_feedforward_rows_per_rollout_by_delay": {
        "1": [
          1,
          1,
          1,
          1,
          1,
          1,
          1,
          1,
          1,
          1,
          1,
          1
        ],
        "2": [
          2,
          2,
          2,
          2,
          2,
          2,
          2,
          2,
          2,
          2,
          2,
          2
        ]
      },
      "environment_success_count": 52,
      "failure_reason_count": 0,
      "formal_hold_state_horizon": 37,
      "interpretation": "R14 ran normally. All 24 cases were final-speed limited. The speed was already below 0.1 m/s near state 34, but delayed nonzero last nominal commands were issued beyond the 35-state identified horizon and the two-step tail changed nominal/integral semantics. R15 therefore identifies and validates a bounded local model instead of tuning another controller.",
      "maximum_state34_speed_m_per_s": 0.04108256508646308,
      "maximum_state37_speed_m_per_s": 0.13071739776132335,
      "minimum_state37_speed_m_per_s": 0.10898569474124838,
      "nonfinite_rollout_count": 0,
      "passed": true,
      "phase": "source_audit",
      "r13_raw_rollouts": 28,
      "r14_all_final_speed_limited": true,
      "r14_limiting_components": [
        "final_speed"
      ],
      "r14_main_identified_state_horizon": 35,
      "r14_raw_rollouts": 24,
      "rollout_summaries_claiming_target_conditioned_nominal_retained": 24,
      "schema_version": 1,
      "source_group_coverage_complete": true,
      "source_group_sample_counts": {
        "RZ_p10_m10__d1": 13,
        "RZ_p10_m10__d2": 13,
        "nominal__d1": 13,
        "nominal__d2": 13
      },
      "stage": "Stage4.1R15",
      "stage4_2r1_was_not_run_or_reused": true,
      "tail_nominal_summary_mismatch_detected": true,
      "tail_rows_with_target_conditioned_nominal_false": 48,
      "total_source_rollouts": 52
    }
  },
  "plant_parameter_robustness_validated": false,
  "schema_version": 1,
  "source_audit_status": "passed",
  "source_stage4_1r13_run": "/home/yangshen0711/tsc_all/tsc_rzip_rllib/stage4_1r13_runs/stage4_1r13_original_deadline_delay_pipeline_early_braking_20260729_044403",
  "source_stage4_1r14_run": "/home/yangshen0711/tsc_all/tsc_rzip_rllib/stage4_1r14_runs/stage4_1r14_original_deadline_integrated_target_conditioned_deadline_mpc_20260729_065749",
  "stage": "Stage4.1R15",
  "stage4_2r1_was_not_run_or_reused": true,
  "true_restart_validation_performed": false,
  "unseen_hidden_state_robustness_validated": false,
  "verdict": "STAGE4_1R15_BOUNDED_EARLY_BRAKING_LOCAL_RESPONSE_MODEL_INCOMPLETE"
}
