[Stage4.1] user=yangshen0711 host=master pwd=/home/yangshen0711/tsc_all/tsc_rzip_rllib
[Stage4.1] source_stage4_0_run=/home/yangshen0711/tsc_all/tsc_rzip_rllib/stage4_0_runs/stage4_0_robustness_recovery_350ms_20260724_152553
[Stage4.1] run_dir=/home/yangshen0711/tsc_all/tsc_rzip_rllib/stage4_1_runs/stage4_1_delay_gain_phase_robustness_350ms_20260725_043011
[Stage4.1] config=/home/yangshen0711/tsc_all/tsc_rzip_rllib/configs/stage4_1_delay_gain_phase_robustness_350ms.json
[Stage4.1] command=all
[Stage4.1] backend=ray
[Stage4.1] resume=0
[Stage4.1] workers=128
[Stage4.1] python=/home/yangshen0711/tsc_all/tsc_simulation/venv_simu/bin/python
[Stage4.1] RAY_TMPDIR=/tmp/stage4_1_1120
[Stage4.1] TSC_WORKSPACE_ROOT=/tmp/tsc_workspace
[Stage4.1] TSC_RUN_ROOT=/tmp/tsc_workspace/episode_runs
[Stage4.1] Campaign capacity is fixed at 128 workers (default 128); no silent fallback is allowed.
[Stage4.1] Stage3.4 target library, selected scale, 175x105 Jacobian, and hard gate remain frozen.
[Stage4.1] Controller wrapper adds alpha-beta state estimation, action-delay queue prediction, gain/slew scheduling, nominal pre-compensation, and phase-aware continuation.
[Stage4.1] Adaptive disturbances continue until an open-loop failure boundary is reached; noise is evaluated with multiple independent seeds and category-specific gates.
[Stage4.1] Residual Markdown files elsewhere in the project are ignored by package verification.
[Stage4.1] Final task remains robust causal control across initial states, targets, hidden dynamics, plant uncertainty, noise, and delay.
2026-07-25 12:30:18,300	INFO worker.py:2012 -- Started a local Ray instance.
/home/yangshen0711/tsc_all/tsc_simulation/venv_simu/lib/python3.12/site-packages/ray/_private/worker.py:2051: FutureWarning: Tip: In future versions of Ray, Ray will no longer override accelerator visible devices env var if num_gpus=0 or num_gpus=None (default). To enable this behavior and turn off this error message, set RAY_ACCEL_ENV_VAR_OVERRIDE_ON_ZERO=0
  warnings.warn(
[Stage4.1 mixed-variant] ray_capacity requested=128 cluster_cpus=128 pending=20 actors=20 initialized_now=1
[Stage4.1 mixed-variant] actor_allocation={"base":20}
[Stage4.1 mixed-variant] waiting 0/20
[Stage4.1 mixed-variant] waiting 0/20
[Stage4.1 mixed-variant] waiting 0/20
[Stage4.1 mixed-variant] waiting 0/20
[Stage4.1 mixed-variant] waiting 0/20
[Stage4.1 mixed-variant] waiting 0/20
[Stage4.1 mixed-variant] waiting 0/20
[Stage4.1 mixed-variant] waiting 0/20
[Stage4.1 mixed-variant] waiting 0/20
[Stage4.1 mixed-variant] waiting 0/20
[Stage4.1 mixed-variant] waiting 0/20
[Stage4.1 mixed-variant] waiting 0/20
[Stage4.1 mixed-variant] waiting 0/20
[Stage4.1 mixed-variant] waiting 0/20
[Stage4.1 mixed-variant] waiting 0/20
[Stage4.1 mixed-variant] waiting 0/20
[Stage4.1 mixed-variant] waiting 0/20
[Stage4.1 mixed-variant] 10/20
[Stage4.1 mixed-variant] 20/20
[Stage4.1 mixed-variant] ray_capacity requested=128 cluster_cpus=128 pending=72 actors=72 initialized_now=0
[Stage4.1 mixed-variant] actor_allocation={"base":72}
[Stage4.1 mixed-variant] waiting 0/72
[Stage4.1 mixed-variant] waiting 0/72
[Stage4.1 mixed-variant] waiting 0/72
[Stage4.1 mixed-variant] waiting 0/72
[Stage4.1 mixed-variant] waiting 0/72
[Stage4.1 mixed-variant] waiting 0/72
[Stage4.1 mixed-variant] waiting 0/72
[Stage4.1 mixed-variant] waiting 0/72
[Stage4.1 mixed-variant] waiting 0/72
[Stage4.1 mixed-variant] waiting 0/72
[Stage4.1 mixed-variant] waiting 0/72
[Stage4.1 mixed-variant] waiting 0/72
[Stage4.1 mixed-variant] waiting 0/72
[Stage4.1 mixed-variant] waiting 0/72
[Stage4.1 mixed-variant] waiting 0/72
[Stage4.1 mixed-variant] waiting 0/72
[Stage4.1 mixed-variant] waiting 0/72
[Stage4.1 mixed-variant] waiting 0/72
[Stage4.1 mixed-variant] waiting 0/72
[Stage4.1 mixed-variant] waiting 0/72
[Stage4.1 mixed-variant] waiting 0/72
[Stage4.1 mixed-variant] waiting 0/72
[Stage4.1 mixed-variant] waiting 0/72
[Stage4.1 mixed-variant] waiting 0/72
[Stage4.1 mixed-variant] 10/72
[Stage4.1 mixed-variant] 20/72
[Stage4.1 mixed-variant] 30/72
[Stage4.1 mixed-variant] 40/72
[Stage4.1 mixed-variant] 50/72
[Stage4.1 mixed-variant] 60/72
[Stage4.1 mixed-variant] 70/72
[Stage4.1 mixed-variant] 72/72
{
  "stage": "Stage4.1",
  "phase": "adaptive_failure_recovery",
  "level": 0,
  "active_after_level": 19,
  "families_with_failure": 17
}
[Stage4.1 mixed-variant] ray_capacity requested=128 cluster_cpus=128 pending=38 actors=38 initialized_now=0
[Stage4.1 mixed-variant] actor_allocation={"base":38}
[Stage4.1 mixed-variant] waiting 0/38
[Stage4.1 mixed-variant] waiting 0/38
[Stage4.1 mixed-variant] waiting 0/38
[Stage4.1 mixed-variant] waiting 0/38
[Stage4.1 mixed-variant] waiting 0/38
[Stage4.1 mixed-variant] waiting 0/38
[Stage4.1 mixed-variant] waiting 0/38
[Stage4.1 mixed-variant] waiting 0/38
[Stage4.1 mixed-variant] waiting 0/38
[Stage4.1 mixed-variant] waiting 0/38
[Stage4.1 mixed-variant] waiting 0/38
[Stage4.1 mixed-variant] waiting 0/38
[Stage4.1 mixed-variant] waiting 0/38
[Stage4.1 mixed-variant] waiting 0/38
[Stage4.1 mixed-variant] waiting 0/38
[Stage4.1 mixed-variant] waiting 0/38
[Stage4.1 mixed-variant] waiting 0/38
[Stage4.1 mixed-variant] waiting 0/38
[Stage4.1 mixed-variant] 10/38
[Stage4.1 mixed-variant] 20/38
[Stage4.1 mixed-variant] 30/38
[Stage4.1 mixed-variant] 38/38
{
  "stage": "Stage4.1",
  "phase": "adaptive_failure_recovery",
  "level": 1,
  "active_after_level": 15,
  "families_with_failure": 21
}
[Stage4.1 mixed-variant] ray_capacity requested=128 cluster_cpus=128 pending=30 actors=30 initialized_now=0
[Stage4.1 mixed-variant] actor_allocation={"base":30}
[Stage4.1 mixed-variant] waiting 0/30
[Stage4.1 mixed-variant] waiting 0/30
[Stage4.1 mixed-variant] waiting 0/30
[Stage4.1 mixed-variant] waiting 0/30
[Stage4.1 mixed-variant] waiting 0/30
[Stage4.1 mixed-variant] waiting 0/30
[Stage4.1 mixed-variant] waiting 0/30
[Stage4.1 mixed-variant] waiting 0/30
[Stage4.1 mixed-variant] waiting 0/30
[Stage4.1 mixed-variant] waiting 0/30
[Stage4.1 mixed-variant] waiting 0/30
[Stage4.1 mixed-variant] waiting 0/30
[Stage4.1 mixed-variant] waiting 0/30
[Stage4.1 mixed-variant] waiting 0/30
[Stage4.1 mixed-variant] waiting 0/30
[Stage4.1 mixed-variant] waiting 0/30
[Stage4.1 mixed-variant] waiting 0/30
[Stage4.1 mixed-variant] waiting 0/30
[Stage4.1 mixed-variant] 10/30
[Stage4.1 mixed-variant] 20/30
[Stage4.1 mixed-variant] 30/30
{
  "stage": "Stage4.1",
  "phase": "adaptive_failure_recovery",
  "level": 2,
  "active_after_level": 14,
  "families_with_failure": 22
}
[Stage4.1 mixed-variant] ray_capacity requested=128 cluster_cpus=128 pending=28 actors=28 initialized_now=0
[Stage4.1 mixed-variant] actor_allocation={"base":28}
[Stage4.1 mixed-variant] waiting 0/28
[Stage4.1 mixed-variant] waiting 0/28
[Stage4.1 mixed-variant] waiting 0/28
[Stage4.1 mixed-variant] waiting 0/28
[Stage4.1 mixed-variant] waiting 0/28
[Stage4.1 mixed-variant] waiting 0/28
[Stage4.1 mixed-variant] waiting 0/28
[Stage4.1 mixed-variant] waiting 0/28
[Stage4.1 mixed-variant] waiting 0/28
[Stage4.1 mixed-variant] waiting 0/28
[Stage4.1 mixed-variant] waiting 0/28
[Stage4.1 mixed-variant] waiting 0/28
[Stage4.1 mixed-variant] waiting 0/28
[Stage4.1 mixed-variant] waiting 0/28
[Stage4.1 mixed-variant] waiting 0/28
[Stage4.1 mixed-variant] waiting 0/28
[Stage4.1 mixed-variant] waiting 0/28
[Stage4.1 mixed-variant] waiting 0/28
[Stage4.1 mixed-variant] 10/28
[Stage4.1 mixed-variant] 20/28
[Stage4.1 mixed-variant] 28/28
{
  "stage": "Stage4.1",
  "phase": "adaptive_failure_recovery",
  "level": 3,
  "active_after_level": 13,
  "families_with_failure": 23
}
[Stage4.1 mixed-variant] ray_capacity requested=128 cluster_cpus=128 pending=26 actors=26 initialized_now=0
[Stage4.1 mixed-variant] actor_allocation={"base":26}
[Stage4.1 mixed-variant] waiting 0/26
[Stage4.1 mixed-variant] waiting 0/26
[Stage4.1 mixed-variant] waiting 0/26
[Stage4.1 mixed-variant] waiting 0/26
[Stage4.1 mixed-variant] waiting 0/26
[Stage4.1 mixed-variant] waiting 0/26
[Stage4.1 mixed-variant] waiting 0/26
[Stage4.1 mixed-variant] waiting 0/26
[Stage4.1 mixed-variant] waiting 0/26
[Stage4.1 mixed-variant] waiting 0/26
[Stage4.1 mixed-variant] waiting 0/26
[Stage4.1 mixed-variant] waiting 0/26
[Stage4.1 mixed-variant] waiting 0/26
[Stage4.1 mixed-variant] waiting 0/26
[Stage4.1 mixed-variant] waiting 0/26
[Stage4.1 mixed-variant] waiting 0/26
[Stage4.1 mixed-variant] waiting 0/26
[Stage4.1 mixed-variant] 10/26
[Stage4.1 mixed-variant] 20/26
[Stage4.1 mixed-variant] 26/26
{
  "stage": "Stage4.1",
  "phase": "adaptive_failure_recovery",
  "level": 4,
  "active_after_level": 9,
  "families_with_failure": 27
}
[Stage4.1 mixed-variant] ray_capacity requested=128 cluster_cpus=128 pending=18 actors=18 initialized_now=0
[Stage4.1 mixed-variant] actor_allocation={"base":18}
[Stage4.1 mixed-variant] waiting 0/18
[Stage4.1 mixed-variant] waiting 0/18
[Stage4.1 mixed-variant] waiting 0/18
[Stage4.1 mixed-variant] waiting 0/18
[Stage4.1 mixed-variant] waiting 0/18
[Stage4.1 mixed-variant] waiting 0/18
[Stage4.1 mixed-variant] waiting 0/18
[Stage4.1 mixed-variant] waiting 0/18
[Stage4.1 mixed-variant] waiting 0/18
[Stage4.1 mixed-variant] waiting 0/18
[Stage4.1 mixed-variant] waiting 0/18
[Stage4.1 mixed-variant] waiting 0/18
[Stage4.1 mixed-variant] waiting 0/18
[Stage4.1 mixed-variant] waiting 0/18
[Stage4.1 mixed-variant] waiting 0/18
[Stage4.1 mixed-variant] waiting 0/18
[Stage4.1 mixed-variant] waiting 0/18
[Stage4.1 mixed-variant] 10/18
[Stage4.1 mixed-variant] 18/18
{
  "stage": "Stage4.1",
  "phase": "adaptive_failure_recovery",
  "level": 5,
  "active_after_level": 7,
  "families_with_failure": 29
}
[Stage4.1 mixed-variant] ray_capacity requested=128 cluster_cpus=128 pending=14 actors=14 initialized_now=0
[Stage4.1 mixed-variant] actor_allocation={"base":14}
[Stage4.1 mixed-variant] waiting 0/14
[Stage4.1 mixed-variant] waiting 0/14
[Stage4.1 mixed-variant] waiting 0/14
[Stage4.1 mixed-variant] waiting 0/14
[Stage4.1 mixed-variant] waiting 0/14
[Stage4.1 mixed-variant] waiting 0/14
[Stage4.1 mixed-variant] waiting 0/14
[Stage4.1 mixed-variant] waiting 0/14
[Stage4.1 mixed-variant] waiting 0/14
[Stage4.1 mixed-variant] waiting 0/14
[Stage4.1 mixed-variant] waiting 0/14
[Stage4.1 mixed-variant] waiting 0/14
[Stage4.1 mixed-variant] waiting 0/14
[Stage4.1 mixed-variant] waiting 0/14
[Stage4.1 mixed-variant] waiting 0/14
[Stage4.1 mixed-variant] waiting 0/14
[Stage4.1 mixed-variant] waiting 0/14
[Stage4.1 mixed-variant] 10/14
[Stage4.1 mixed-variant] 14/14
{
  "stage": "Stage4.1",
  "phase": "adaptive_failure_recovery",
  "level": 6,
  "active_after_level": 6,
  "families_with_failure": 30
}
[Stage4.1 mixed-variant] ray_capacity requested=128 cluster_cpus=128 pending=64 actors=64 initialized_now=0
[Stage4.1 mixed-variant] actor_allocation={"base":52,"slew_0p9":8,"slew_1p1":4}
[Stage4.1 mixed-variant] waiting 0/64
[Stage4.1 mixed-variant] waiting 0/64
[Stage4.1 mixed-variant] waiting 0/64
[Stage4.1 mixed-variant] waiting 0/64
[Stage4.1 mixed-variant] waiting 0/64
[Stage4.1 mixed-variant] waiting 0/64
[Stage4.1 mixed-variant] waiting 0/64
[Stage4.1 mixed-variant] waiting 0/64
[Stage4.1 mixed-variant] waiting 0/64
[Stage4.1 mixed-variant] waiting 0/64
[Stage4.1 mixed-variant] waiting 0/64
[Stage4.1 mixed-variant] waiting 0/64
[Stage4.1 mixed-variant] waiting 0/64
[Stage4.1 mixed-variant] waiting 0/64
[Stage4.1 mixed-variant] waiting 0/64
[Stage4.1 mixed-variant] waiting 0/64
[Stage4.1 mixed-variant] waiting 0/64
[Stage4.1 mixed-variant] waiting 0/64
[Stage4.1 mixed-variant] waiting 0/64
[Stage4.1 mixed-variant] waiting 0/64
[Stage4.1 mixed-variant] waiting 0/64
[Stage4.1 mixed-variant] waiting 0/64
[Stage4.1 mixed-variant] 10/64
[Stage4.1 mixed-variant] 20/64
[Stage4.1 mixed-variant] 30/64
[Stage4.1 mixed-variant] 40/64
[Stage4.1 mixed-variant] 50/64
[Stage4.1 mixed-variant] 60/64
[Stage4.1 mixed-variant] 64/64
[Stage4.1 mixed-variant] ray_capacity requested=128 cluster_cpus=128 pending=126 actors=126 initialized_now=0
[Stage4.1 mixed-variant] actor_allocation={"base":126}
[Stage4.1 mixed-variant] waiting 0/126
[Stage4.1 mixed-variant] waiting 0/126
[Stage4.1 mixed-variant] waiting 0/126
[Stage4.1 mixed-variant] waiting 0/126
[Stage4.1 mixed-variant] waiting 0/126
[Stage4.1 mixed-variant] waiting 0/126
[Stage4.1 mixed-variant] waiting 0/126
[Stage4.1 mixed-variant] waiting 0/126
[Stage4.1 mixed-variant] waiting 0/126
[Stage4.1 mixed-variant] waiting 0/126
[Stage4.1 mixed-variant] waiting 0/126
[Stage4.1 mixed-variant] waiting 0/126
[Stage4.1 mixed-variant] waiting 0/126
[Stage4.1 mixed-variant] waiting 0/126
[Stage4.1 mixed-variant] waiting 0/126
[Stage4.1 mixed-variant] waiting 0/126
[Stage4.1 mixed-variant] waiting 0/126
[Stage4.1 mixed-variant] waiting 0/126
[Stage4.1 mixed-variant] waiting 0/126
[Stage4.1 mixed-variant] waiting 0/126
[Stage4.1 mixed-variant] waiting 0/126
[Stage4.1 mixed-variant] waiting 0/126
[Stage4.1 mixed-variant] waiting 0/126
[Stage4.1 mixed-variant] waiting 0/126
[Stage4.1 mixed-variant] waiting 0/126
[Stage4.1 mixed-variant] waiting 0/126
[Stage4.1 mixed-variant] waiting 0/126
[Stage4.1 mixed-variant] waiting 0/126
[Stage4.1 mixed-variant] waiting 0/126
[Stage4.1 mixed-variant] waiting 0/126
[Stage4.1 mixed-variant] waiting 0/126
[Stage4.1 mixed-variant] waiting 0/126
[Stage4.1 mixed-variant] waiting 0/126
[Stage4.1 mixed-variant] waiting 0/126
[Stage4.1 mixed-variant] waiting 0/126
[Stage4.1 mixed-variant] waiting 0/126
[Stage4.1 mixed-variant] waiting 0/126
[Stage4.1 mixed-variant] waiting 1/126
[Stage4.1 mixed-variant] waiting 2/126
[Stage4.1 mixed-variant] waiting 3/126
[Stage4.1 mixed-variant] waiting 3/126
[Stage4.1 mixed-variant] 10/126
[Stage4.1 mixed-variant] 20/126
[Stage4.1 mixed-variant] 30/126
[Stage4.1 mixed-variant] 40/126
[Stage4.1 mixed-variant] 50/126
[Stage4.1 mixed-variant] 60/126
[Stage4.1 mixed-variant] 70/126
[Stage4.1 mixed-variant] 80/126
[Stage4.1 mixed-variant] 90/126
[Stage4.1 mixed-variant] 100/126
[Stage4.1 mixed-variant] 110/126
[Stage4.1 mixed-variant] 120/126
[Stage4.1 mixed-variant] 126/126
[Stage4.1 mixed-variant] ray_capacity requested=128 cluster_cpus=128 pending=32 actors=32 initialized_now=0
[Stage4.1 mixed-variant] actor_allocation={"base":32}
[Stage4.1 mixed-variant] waiting 0/32
[Stage4.1 mixed-variant] waiting 0/32
[Stage4.1 mixed-variant] waiting 0/32
[Stage4.1 mixed-variant] waiting 0/32
[Stage4.1 mixed-variant] waiting 0/32
[Stage4.1 mixed-variant] waiting 0/32
[Stage4.1 mixed-variant] waiting 0/32
[Stage4.1 mixed-variant] waiting 0/32
[Stage4.1 mixed-variant] waiting 0/32
[Stage4.1 mixed-variant] waiting 0/32
[Stage4.1 mixed-variant] waiting 0/32
[Stage4.1 mixed-variant] waiting 0/32
[Stage4.1 mixed-variant] waiting 0/32
[Stage4.1 mixed-variant] waiting 0/32
[Stage4.1 mixed-variant] waiting 0/32
[Stage4.1 mixed-variant] waiting 0/32
[Stage4.1 mixed-variant] waiting 0/32
[Stage4.1 mixed-variant] waiting 0/32
[Stage4.1 mixed-variant] 10/32
[Stage4.1 mixed-variant] 20/32
[Stage4.1 mixed-variant] 30/32
[Stage4.1 mixed-variant] 32/32
[Stage4.1 mixed-variant] ray_capacity requested=128 cluster_cpus=128 pending=36 actors=36 initialized_now=0
[Stage4.1 mixed-variant] actor_allocation={"base":36}
[Stage4.1 mixed-variant] waiting 0/36
[Stage4.1 mixed-variant] waiting 0/36
[Stage4.1 mixed-variant] waiting 0/36
[Stage4.1 mixed-variant] waiting 0/36
[Stage4.1 mixed-variant] waiting 0/36
[Stage4.1 mixed-variant] waiting 0/36
[Stage4.1 mixed-variant] waiting 0/36
[Stage4.1 mixed-variant] waiting 0/36
[Stage4.1 mixed-variant] waiting 0/36
[Stage4.1 mixed-variant] waiting 0/36
[Stage4.1 mixed-variant] waiting 0/36
[Stage4.1 mixed-variant] waiting 0/36
[Stage4.1 mixed-variant] waiting 0/36
[Stage4.1 mixed-variant] waiting 0/36
[Stage4.1 mixed-variant] waiting 0/36
[Stage4.1 mixed-variant] waiting 0/36
[Stage4.1 mixed-variant] waiting 0/36
[Stage4.1 mixed-variant] waiting 0/36
[Stage4.1 mixed-variant] 10/36
[Stage4.1 mixed-variant] 20/36
[Stage4.1 mixed-variant] 30/36
[Stage4.1 mixed-variant] 36/36
{
  "schema_version": 1,
  "stage": "Stage4.1",
  "created_utc": "20260725_064232",
  "source_stage4_0_run": "/home/yangshen0711/tsc_all/tsc_rzip_rllib/stage4_0_runs/stage4_0_robustness_recovery_350ms_20260724_152553",
  "source_stage3_4_run": "/home/yangshen0711/tsc_all/tsc_rzip_rllib/stage3_4_runs/stage3_4_late_arrival_continuation_mpc_350ms_20260724_030829",
  "source_selected_controller_scale": 0.5,
  "regression": {
    "schema_version": 1,
    "stage": "Stage4.1",
    "phase": "regression_targets",
    "n_rollouts": 20,
    "n_scenarios": 10,
    "pair_summary": {
      "n_pairs": 10,
      "n_baseline_pass": 10,
      "n_feedback_pass": 6,
      "n_preserved": 6,
      "n_recovered": 0,
      "n_lost": 4,
      "median_signed_margin_gain": -0.30760883708449444,
      "worst_signed_margin_gain": -0.4023291074859864
    },
    "passed": false
  },
  "adaptive_failure_recovery": {
    "schema_version": 1,
    "stage": "Stage4.1",
    "phase": "adaptive_failure_recovery",
    "n_rollouts": 226,
    "n_families": 36,
    "n_families_with_open_loop_failure": 30,
    "n_families_recovered_at_first_failure": 8,
    "failure_recovery_fraction": 0.26666666666666666,
    "preserved_open_loop_pass_fraction": 0.4578313253012048,
    "n_families_boundary_not_reached": 6,
    "passed": false
  },
  "structured_uncertainty": {
    "schema_version": 1,
    "stage": "Stage4.1",
    "phase": "structured_uncertainty",
    "n_rollouts": 64,
    "n_pairs": 32,
    "pair_summary": {
      "n_pairs": 32,
      "n_baseline_pass": 24,
      "n_feedback_pass": 5,
      "n_preserved": 4,
      "n_recovered": 1,
      "n_lost": 20,
      "median_signed_margin_gain": -0.3839778714044904,
      "worst_signed_margin_gain": -1.0495618436258938
    },
    "category_summaries": [
      {
        "category": "combined_scheduled",
        "n_pairs": 2,
        "mpc_pass_fraction": 0.0,
        "preserved_open_loop_pass_fraction": 0.0,
        "n_recovered": 0,
        "n_lost": 2,
        "required": true,
        "passed": false
      },
      {
        "category": "controller_model_scale",
        "n_pairs": 4,
        "mpc_pass_fraction": 0.25,
        "preserved_open_loop_pass_fraction": 0.25,
        "n_recovered": 0,
        "n_lost": 3,
        "required": true,
        "passed": false
      },
      {
        "category": "diagnostic_unmodeled_delay",
        "n_pairs": 2,
        "mpc_pass_fraction": 0.0,
        "preserved_open_loop_pass_fraction": 0.0,
        "n_recovered": 0,
        "n_lost": 2,
        "required": false,
        "passed": null
      },
      {
        "category": "diagnostic_unmodeled_slew",
        "n_pairs": 2,
        "mpc_pass_fraction": 0.0,
        "preserved_open_loop_pass_fraction": 0.0,
        "n_recovered": 0,
        "n_lost": 0,
        "required": false,
        "passed": null
      },
      {
        "category": "gain_estimation_error",
        "n_pairs": 2,
        "mpc_pass_fraction": 0.5,
        "preserved_open_loop_pass_fraction": 0.0,
        "n_recovered": 1,
        "n_lost": 0,
        "required": true,
        "passed": false
      },
      {
        "category": "matched_action_delay",
        "n_pairs": 4,
        "mpc_pass_fraction": 0.0,
        "preserved_open_loop_pass_fraction": 0.0,
        "n_recovered": 0,
        "n_lost": 4,
        "required": true,
        "passed": false
      },
      {
        "category": "observation_delay",
        "n_pairs": 4,
        "mpc_pass_fraction": 0.0,
        "preserved_open_loop_pass_fraction": 0.0,
        "n_recovered": 0,
        "n_lost": 4,
        "required": true,
        "passed": false
      },
      {
        "category": "scheduled_gain",
        "n_pairs": 8,
        "mpc_pass_fraction": 0.375,
        "preserved_open_loop_pass_fraction": 0.375,
        "n_recovered": 0,
        "n_lost": 5,
        "required": true,
        "passed": false
      },
      {
        "category": "scheduled_slew",
        "n_pairs": 4,
        "mpc_pass_fraction": 0.0,
        "preserved_open_loop_pass_fraction": 0.0,
        "n_recovered": 0,
        "n_lost": 0,
        "required": true,
        "passed": false
      }
    ],
    "passed": false
  },
  "noise_statistics": {
    "schema_version": 1,
    "stage": "Stage4.1",
    "phase": "noise_statistics",
    "n_rollouts": 126,
    "level_target_summaries": [
      {
        "target_id": "nominal",
        "noise_level": "low",
        "n_seeds": 12,
        "n_pass": 7,
        "pass_fraction": 0.5833333333333334,
        "wilson_lower_bound": 0.3195073356553728,
        "minimum_pass_fraction": 0.98,
        "passed": false
      },
      {
        "target_id": "nominal",
        "noise_level": "medium",
        "n_seeds": 16,
        "n_pass": 8,
        "pass_fraction": 0.5,
        "wilson_lower_bound": 0.2799923761135083,
        "minimum_pass_fraction": 0.95,
        "passed": false
      },
      {
        "target_id": "nominal",
        "noise_level": "high",
        "n_seeds": 32,
        "n_pass": 13,
        "pass_fraction": 0.40625,
        "wilson_lower_bound": 0.25519402480313796,
        "minimum_pass_fraction": 0.9,
        "passed": false
      },
      {
        "target_id": "RZ_p10_m10",
        "noise_level": "low",
        "n_seeds": 12,
        "n_pass": 0,
        "pass_fraction": 0.0,
        "wilson_lower_bound": 0.0,
        "minimum_pass_fraction": 0.98,
        "passed": false
      },
      {
        "target_id": "RZ_p10_m10",
        "noise_level": "medium",
        "n_seeds": 16,
        "n_pass": 0,
        "pass_fraction": 0.0,
        "wilson_lower_bound": 0.0,
        "minimum_pass_fraction": 0.95,
        "passed": false
      },
      {
        "target_id": "RZ_p10_m10",
        "noise_level": "high",
        "n_seeds": 32,
        "n_pass": 2,
        "pass_fraction": 0.0625,
        "wilson_lower_bound": 0.01731020319515724,
        "minimum_pass_fraction": 0.9,
        "passed": false
      }
    ],
    "passed": false
  },
  "phase_aligned_history": {
    "schema_version": 1,
    "stage": "Stage4.1",
    "phase": "phase_aligned_history",
    "n_rollouts": 32,
    "n_scenarios": 16,
    "mpc_pass_fraction": 0.375,
    "preserved_open_loop_pass_fraction": 0.375,
    "visible_state_matched_fraction": 1.0,
    "test_interpretation": "phase-aligned history variation with approximately matched visible state",
    "pair_summary": {
      "n_pairs": 16,
      "n_baseline_pass": 16,
      "n_feedback_pass": 6,
      "n_preserved": 6,
      "n_recovered": 0,
      "n_lost": 10,
      "median_signed_margin_gain": -0.3762654498014155,
      "worst_signed_margin_gain": -0.44832828845941664
    },
    "passed": false
  },
  "restart_sweep": {
    "schema_version": 1,
    "stage": "Stage4.1",
    "phase": "restart_sweep",
    "base_start_folder": "1100ms",
    "alternate_start_folders": [],
    "n_alternate_start_folders": 0,
    "true_restart_validation_available": false,
    "n_rollouts": 0,
    "mpc_pass_fraction": 0.0,
    "preserved_open_loop_pass_fraction": 0.0,
    "pair_summary": {
      "n_pairs": 0
    },
    "passed": false
  },
  "confirmation": {
    "schema_version": 1,
    "stage": "Stage4.1",
    "phase": "confirmation",
    "n_rollouts": 36,
    "n_successful": 36,
    "deterministic_summaries": [
      {
        "source_experiment_id": "s41_6d4e0f93fb000a89fad0",
        "repeats": 2,
        "all_repeats_pass": true,
        "worst_signed_margin": 0.01594297211825957
      },
      {
        "source_experiment_id": "s41_1244fc42a455bb1f7439",
        "repeats": 2,
        "all_repeats_pass": true,
        "worst_signed_margin": 0.02692621401239048
      },
      {
        "source_experiment_id": "s41_59032fcf46d2d4a26fa2",
        "repeats": 2,
        "all_repeats_pass": true,
        "worst_signed_margin": 0.03434730675780251
      },
      {
        "source_experiment_id": "s41_21feec7efb7bd66e8cfd",
        "repeats": 2,
        "all_repeats_pass": true,
        "worst_signed_margin": 0.03764297220879387
      },
      {
        "source_experiment_id": "s41_7e0a70236c1648af7883",
        "repeats": 2,
        "all_repeats_pass": true,
        "worst_signed_margin": 0.009511567501832574
      },
      {
        "source_experiment_id": "s41_5018b4a1a35a73b4736a",
        "repeats": 2,
        "all_repeats_pass": true,
        "worst_signed_margin": 0.009640219021954666
      },
      {
        "source_experiment_id": "s41_05d03ae485e5ac4d575a",
        "repeats": 2,
        "all_repeats_pass": true,
        "worst_signed_margin": 0.016143197129138143
      },
      {
        "source_experiment_id": "s41_e5e7b9f1848447db76f6",
        "repeats": 2,
        "all_repeats_pass": true,
        "worst_signed_margin": 0.03887404139801387
      },
      {
        "source_experiment_id": "s41_b3a46ebfe7f7b08fc07f",
        "repeats": 2,
        "all_repeats_pass": true,
        "worst_signed_margin": 0.01285792035339095
      },
      {
        "source_experiment_id": "s41_9a76cbc1e9a26e330310",
        "repeats": 2,
        "all_repeats_pass": true,
        "worst_signed_margin": 0.016627150412675484
      }
    ],
    "high_noise_summaries": [
      {
        "target_id": "nominal",
        "n_seeds": 8,
        "n_pass": 4,
        "pass_fraction": 0.5,
        "passed": false
      },
      {
        "target_id": "RZ_p10_m10",
        "n_seeds": 8,
        "n_pass": 0,
        "pass_fraction": 0.0,
        "passed": false
      }
    ],
    "passed": false
  },
  "verdict": {
    "schema_version": 1,
    "stage": "Stage4.1",
    "created_utc": "20260725_064232",
    "verdict": "STAGE4_1_DELAY_GAIN_PHASE_ROBUSTNESS_ENVELOPE_INCOMPLETE",
    "source_stage4_0_run": "/home/yangshen0711/tsc_all/tsc_rzip_rllib/stage4_0_runs/stage4_0_robustness_recovery_350ms_20260724_152553",
    "source_stage3_4_run": "/home/yangshen0711/tsc_all/tsc_rzip_rllib/stage3_4_runs/stage3_4_late_arrival_continuation_mpc_350ms_20260724_030829",
    "source_selected_controller_scale": 0.5,
    "regression_passed": false,
    "failure_recovery_passed": false,
    "structured_uncertainty_passed": false,
    "noise_statistics_passed": false,
    "phase_aligned_history_passed": false,
    "true_restart_validation_available": false,
    "true_restart_validation_passed": null,
    "confirmation_passed": false,
    "finite_test_envelope_validated": false,
    "deployment_robustness_validated": false,
    "plant_parameter_robustness_validated": false,
    "unseen_hidden_state_robustness_validated": false,
    "warning": "This verdict covers only the configured finite delay/gain/slew/noise/history/restart envelope. It is not deployment qualification.",
    "final_task": "robust causal control across initial states, targets, hidden dynamics, plant uncertainty, noise, and delay"
  }
}
